Archive member included to satisfy reference by file (symbol)

c:/intelfpga_lite/18.1/nios2eds/bin/gnu/h-x86_64-mingw32/bin/../lib/gcc/nios2-elf/5.3.0/../../../../../H-x86_64-mingw32/nios2-elf/lib\libc.a(lib_a-malloc.o)
                              obj/default/grayscale.o (malloc)
c:/intelfpga_lite/18.1/nios2eds/bin/gnu/h-x86_64-mingw32/bin/../lib/gcc/nios2-elf/5.3.0/../../../../../H-x86_64-mingw32/nios2-elf/lib\libc.a(lib_a-mallocr.o)
                              c:/intelfpga_lite/18.1/nios2eds/bin/gnu/h-x86_64-mingw32/bin/../lib/gcc/nios2-elf/5.3.0/../../../../../H-x86_64-mingw32/nios2-elf/lib\libc.a(lib_a-malloc.o) (_malloc_r)
c:/intelfpga_lite/18.1/nios2eds/bin/gnu/h-x86_64-mingw32/bin/../lib/gcc/nios2-elf/5.3.0/../../../../../H-x86_64-mingw32/nios2-elf/lib\libc.a(lib_a-memset.o)
                              obj/default/sobel.o (memset)
c:/intelfpga_lite/18.1/nios2eds/bin/gnu/h-x86_64-mingw32/bin/../lib/gcc/nios2-elf/5.3.0/../../../../../H-x86_64-mingw32/nios2-elf/lib\libc.a(lib_a-printf.o)
                              obj/default/camera.o (printf)
c:/intelfpga_lite/18.1/nios2eds/bin/gnu/h-x86_64-mingw32/bin/../lib/gcc/nios2-elf/5.3.0/../../../../../H-x86_64-mingw32/nios2-elf/lib\libc.a(lib_a-puts.o)
                              obj/default/main.o (puts)
c:/intelfpga_lite/18.1/nios2eds/bin/gnu/h-x86_64-mingw32/bin/../lib/gcc/nios2-elf/5.3.0/../../../../../H-x86_64-mingw32/nios2-elf/lib\libc.a(lib_a-sbrkr.o)
                              c:/intelfpga_lite/18.1/nios2eds/bin/gnu/h-x86_64-mingw32/bin/../lib/gcc/nios2-elf/5.3.0/../../../../../H-x86_64-mingw32/nios2-elf/lib\libc.a(lib_a-mallocr.o) (_sbrk_r)
c:/intelfpga_lite/18.1/nios2eds/bin/gnu/h-x86_64-mingw32/bin/../lib/gcc/nios2-elf/5.3.0/../../../../../H-x86_64-mingw32/nios2-elf/lib\libc.a(lib_a-strlen.o)
                              c:/intelfpga_lite/18.1/nios2eds/bin/gnu/h-x86_64-mingw32/bin/../lib/gcc/nios2-elf/5.3.0/../../../../../H-x86_64-mingw32/nios2-elf/lib\libc.a(lib_a-puts.o) (strlen)
c:/intelfpga_lite/18.1/nios2eds/bin/gnu/h-x86_64-mingw32/bin/../lib/gcc/nios2-elf/5.3.0/../../../../../H-x86_64-mingw32/nios2-elf/lib\libc.a(lib_a-vfprintf.o)
                              c:/intelfpga_lite/18.1/nios2eds/bin/gnu/h-x86_64-mingw32/bin/../lib/gcc/nios2-elf/5.3.0/../../../../../H-x86_64-mingw32/nios2-elf/lib\libc.a(lib_a-printf.o) (___vfprintf_internal_r)
c:/intelfpga_lite/18.1/nios2eds/bin/gnu/h-x86_64-mingw32/bin/../lib/gcc/nios2-elf/5.3.0/../../../../../H-x86_64-mingw32/nios2-elf/lib\libc.a(lib_a-wsetup.o)
                              c:/intelfpga_lite/18.1/nios2eds/bin/gnu/h-x86_64-mingw32/bin/../lib/gcc/nios2-elf/5.3.0/../../../../../H-x86_64-mingw32/nios2-elf/lib\libc.a(lib_a-vfprintf.o) (__swsetup_r)
c:/intelfpga_lite/18.1/nios2eds/bin/gnu/h-x86_64-mingw32/bin/../lib/gcc/nios2-elf/5.3.0/../../../../../H-x86_64-mingw32/nios2-elf/lib\libc.a(lib_a-dtoa.o)
                              c:/intelfpga_lite/18.1/nios2eds/bin/gnu/h-x86_64-mingw32/bin/../lib/gcc/nios2-elf/5.3.0/../../../../../H-x86_64-mingw32/nios2-elf/lib\libc.a(lib_a-vfprintf.o) (_dtoa_r)
c:/intelfpga_lite/18.1/nios2eds/bin/gnu/h-x86_64-mingw32/bin/../lib/gcc/nios2-elf/5.3.0/../../../../../H-x86_64-mingw32/nios2-elf/lib\libc.a(lib_a-fflush.o)
                              c:/intelfpga_lite/18.1/nios2eds/bin/gnu/h-x86_64-mingw32/bin/../lib/gcc/nios2-elf/5.3.0/../../../../../H-x86_64-mingw32/nios2-elf/lib\libc.a(lib_a-vfprintf.o) (_fflush_r)
c:/intelfpga_lite/18.1/nios2eds/bin/gnu/h-x86_64-mingw32/bin/../lib/gcc/nios2-elf/5.3.0/../../../../../H-x86_64-mingw32/nios2-elf/lib\libc.a(lib_a-findfp.o)
                              c:/intelfpga_lite/18.1/nios2eds/bin/gnu/h-x86_64-mingw32/bin/../lib/gcc/nios2-elf/5.3.0/../../../../../H-x86_64-mingw32/nios2-elf/lib\libc.a(lib_a-puts.o) (__sinit)
c:/intelfpga_lite/18.1/nios2eds/bin/gnu/h-x86_64-mingw32/bin/../lib/gcc/nios2-elf/5.3.0/../../../../../H-x86_64-mingw32/nios2-elf/lib\libc.a(lib_a-freer.o)
                              c:/intelfpga_lite/18.1/nios2eds/bin/gnu/h-x86_64-mingw32/bin/../lib/gcc/nios2-elf/5.3.0/../../../../../H-x86_64-mingw32/nios2-elf/lib\libc.a(lib_a-malloc.o) (_free_r)
c:/intelfpga_lite/18.1/nios2eds/bin/gnu/h-x86_64-mingw32/bin/../lib/gcc/nios2-elf/5.3.0/../../../../../H-x86_64-mingw32/nios2-elf/lib\libc.a(lib_a-fvwrite.o)
                              c:/intelfpga_lite/18.1/nios2eds/bin/gnu/h-x86_64-mingw32/bin/../lib/gcc/nios2-elf/5.3.0/../../../../../H-x86_64-mingw32/nios2-elf/lib\libc.a(lib_a-puts.o) (__sfvwrite_r)
c:/intelfpga_lite/18.1/nios2eds/bin/gnu/h-x86_64-mingw32/bin/../lib/gcc/nios2-elf/5.3.0/../../../../../H-x86_64-mingw32/nios2-elf/lib\libc.a(lib_a-fwalk.o)
                              c:/intelfpga_lite/18.1/nios2eds/bin/gnu/h-x86_64-mingw32/bin/../lib/gcc/nios2-elf/5.3.0/../../../../../H-x86_64-mingw32/nios2-elf/lib\libc.a(lib_a-findfp.o) (_fwalk)
[...]
Memory Configuration

Name             Origin             Length             Attributes
reset            0x0000000000000000 0x0000000000000020
sdram_ctrl       0x0000000000000020 0x0000000000ffffe0
*default*        0x0000000000000000 0xffffffffffffffff

Linker script and memory map

LOAD C:/Users/minis/Documents/HEIA_FR/Master/Advanced_hardware_design/Sobel_filter_part/mse_demo/software/sobel_bsp//obj/HAL/src/crt0.o
LOAD obj/default/camera.o
LOAD obj/default/dipswitch.o
LOAD obj/default/grayscale.o
LOAD obj/default/i2c.o
LOAD obj/default/lcd_simple.o
LOAD obj/default/main.o
LOAD obj/default/sobel.o
LOAD obj/default/vga.o
LOAD c:/intelfpga_lite/18.1/nios2eds/bin/gnu/h-x86_64-mingw32/bin/../lib/gcc/nios2-elf/5.3.0/../../../../../H-x86_64-mingw32/nios2-elf/lib\libstdc++.a
LOAD c:/intelfpga_lite/18.1/nios2eds/bin/gnu/h-x86_64-mingw32/bin/../lib/gcc/nios2-elf/5.3.0/../../../../../H-x86_64-mingw32/nios2-elf/lib\libm.a
LOAD c:/intelfpga_lite/18.1/nios2eds/bin/gnu/h-x86_64-mingw32/bin/../lib/gcc/nios2-elf/5.3.0\libgcc.a
START GROUP
LOAD c:/intelfpga_lite/18.1/nios2eds/bin/gnu/h-x86_64-mingw32/bin/../lib/gcc/nios2-elf/5.3.0/../../../../../H-x86_64-mingw32/nios2-elf/lib\libc.a
LOAD c:/intelfpga_lite/18.1/nios2eds/bin/gnu/h-x86_64-mingw32/bin/../lib/gcc/nios2-elf/5.3.0\libgcc.a
LOAD C:/Users/minis/Documents/HEIA_FR/Master/Advanced_hardware_design/Sobel_filter_part/mse_demo/software/sobel_bsp/\libhal_bsp.a
LOAD c:/intelfpga_lite/18.1/nios2eds/bin/gnu/h-x86_64-mingw32/bin/../lib/gcc/nios2-elf/5.3.0/../../../../../H-x86_64-mingw32/nios2-elf/lib\libm.a
END GROUP
LOAD c:/intelfpga_lite/18.1/nios2eds/bin/gnu/h-x86_64-mingw32/bin/../lib/gcc/nios2-elf/5.3.0\libgcc.a
                0x0000000000000000                __alt_mem_sdram_ctrl = 0x0

.entry          0x0000000000000000       0x20
 *(.entry)
 .entry         0x0000000000000000       0x20 C:/Users/minis/Documents/HEIA_FR/Master/Advanced_hardware_design/Sobel_filter_part/mse_demo/software/sobel_bsp//obj/HAL/src/crt0.o
                0x0000000000000000                __reset

.exceptions     0x0000000000000020      0x224
                0x0000000000000020                PROVIDE (__ram_exceptions_start, ABSOLUTE (.))
                0x0000000000000020                . = ALIGN (0x20)
 *(.irq)
 *(.exceptions.entry.label)
 .exceptions.entry.label
                0x0000000000000020        0x0 C:/Users/minis/Documents/HEIA_FR/Master/Advanced_hardware_design/Sobel_filter_part/mse_demo/software/sobel_bsp/\libhal_bsp.a(alt_irq_entry.o)
                0x0000000000000020                alt_irq_entry
 .exceptions.entry.label
                0x0000000000000020        0x0 C:/Users/minis/Documents/HEIA_FR/Master/Advanced_hardware_design/Sobel_filter_part/mse_demo/software/sobel_bsp/\libhal_bsp.a(alt_exception_entry.o)
                0x0000000000000020                alt_exception
 *(.exceptions.entry.user)
 *(.exceptions.entry.ecc_fatal)
 *(.exceptions.entry)
 .exceptions.entry
                0x0000000000000020       0x54 C:/Users/minis/Documents/HEIA_FR/Master/Advanced_hardware_design/Sobel_filter_part/mse_demo/software/sobel_bsp/\libhal_bsp.a(alt_exception_entry.o)
 *(.exceptions.irqtest.user)
 *(.exceptions.irqtest)
 .exceptions.irqtest
                0x0000000000000074       0x10 C:/Users/minis/Documents/HEIA_FR/Master/Advanced_hardware_design/Sobel_filter_part/mse_demo/software/sobel_bsp/\libhal_bsp.a(alt_irq_entry.o)
 *(.exceptions.irqhandler.user)
 *(.exceptions.irqhandler)
 .exceptions.irqhandler
                0x0000000000000084        0x4 C:/Users/minis/Documents/HEIA_FR/Master/Advanced_hardware_design/Sobel_filter_part/mse_demo/software/sobel_bsp/\libhal_bsp.a(alt_irq_entry.o)
 *(.exceptions.irqreturn.user)
 *(.exceptions.irqreturn)
 .exceptions.irqreturn
                0x0000000000000088        0x4 C:/Users/minis/Documents/HEIA_FR/Master/Advanced_hardware_design/Sobel_filter_part/mse_demo/software/sobel_bsp/\libhal_bsp.a(alt_irq_entry.o)
 *(.exceptions.notirq.label)
 .exceptions.notirq.label
                0x000000000000008c        0x0 C:/Users/minis/Documents/HEIA_FR/Master/Advanced_hardware_design/Sobel_filter_part/mse_demo/software/sobel_bsp/\libhal_bsp.a(alt_irq_entry.o)
 *(.exceptions.notirq.user)
 *(.exceptions.notirq)
 .exceptions.notirq
                0x000000000000008c        0x8 C:/Users/minis/Documents/HEIA_FR/Master/Advanced_hardware_design/Sobel_filter_part/mse_demo/software/sobel_bsp/\libhal_bsp.a(alt_exception_entry.o)
 *(.exceptions.soft.user)
 *(.exceptions.soft)
 *(.exceptions.unknown.user)
 *(.exceptions.unknown)
 .exceptions.unknown
                0x0000000000000094       0x14 C:/Users/minis/Documents/HEIA_FR/Master/Advanced_hardware_design/Sobel_filter_part/mse_demo/software/sobel_bsp/\libhal_bsp.a(alt_exception_entry.o)
 *(.exceptions.exit.label)
 .exceptions.exit.label
                0x00000000000000a8        0x0 C:/Users/minis/Documents/HEIA_FR/Master/Advanced_hardware_design/Sobel_filter_part/mse_demo/software/sobel_bsp/\libhal_bsp.a(alt_irq_entry.o)
 .exceptions.exit.label
                0x00000000000000a8        0x0 C:/Users/minis/Documents/HEIA_FR/Master/Advanced_hardware_design/Sobel_filter_part/mse_demo/software/sobel_bsp/\libhal_bsp.a(alt_exception_entry.o)
 *(.exceptions.exit.user)
 *(.exceptions.exit)
 .exceptions.exit
                0x00000000000000a8       0x54 C:/Users/minis/Documents/HEIA_FR/Master/Advanced_hardware_design/Sobel_filter_part/mse_demo/software/sobel_bsp/\libhal_bsp.a(alt_exception_entry.o)
 *(.exceptions)
 .exceptions    0x00000000000000fc       0xd4 C:/Users/minis/Documents/HEIA_FR/Master/Advanced_hardware_design/Sobel_filter_part/mse_demo/software/sobel_bsp/\libhal_bsp.a(alt_irq_handler.o)
                0x00000000000000fc                alt_irq_handler
 .exceptions    0x00000000000001d0       0x74 C:/Users/minis/Documents/HEIA_FR/Master/Advanced_hardware_design/Sobel_filter_part/mse_demo/software/sobel_bsp/\libhal_bsp.a(alt_instruction_exception_entry.o)
                0x00000000000001d0                alt_instruction_exception_entry
                0x0000000000000244                PROVIDE (__ram_exceptions_end, ABSOLUTE (.))
                0x0000000000000020                PROVIDE (__flash_exceptions_start, LOADADDR (.exceptions))

.text           0x0000000000000244    0x1174c
                [!provide]                        PROVIDE (stext, ABSOLUTE (.))
 *(.interp)
 *(.hash)
 *(.dynsym)
 *(.dynstr)
 *(.gnu.version)
 *(.gnu.version_d)
 *(.gnu.version_r)
 *(.rel.init)
 *(.rela.init)
 *(.rel.text .rel.text.* .rel.gnu.linkonce.t.*)
 *(.rela.text .rela.text.* .rela.gnu.linkonce.t.*)
 *(.rel.fini)
 *(.rela.fini)
 *(.rel.rodata .rel.rodata.* .rel.gnu.linkonce.r.*)
 *(.rela.rodata .rela.rodata.* .rela.gnu.linkonce.r.*)
 *(.rel.data .rel.data.* .rel.gnu.linkonce.d.*)
 *(.rela.data .rela.data.* .rela.gnu.linkonce.d.*)
 *(.rel.tdata .rel.tdata.* .rel.gnu.linkonce.td.*)
 *(.rela.tdata .rela.tdata.* .rela.gnu.linkonce.td.*)
 *(.rel.tbss .rel.tbss.* .rel.gnu.linkonce.tb.*)
 *(.rela.tbss .rela.tbss.* .rela.gnu.linkonce.tb.*)
 *(.rel.ctors)
 *(.rela.ctors)
 *(.rel.dtors)
 *(.rela.dtors)
 *(.rel.got)
 *(.rela.got)
 *(.rel.sdata .rel.sdata.* .rel.gnu.linkonce.s.*)
 *(.rela.sdata .rela.sdata.* .rela.gnu.linkonce.s.*)
 *(.rel.sbss .rel.sbss.* .rel.gnu.linkonce.sb.*)
 *(.rela.sbss .rela.sbss.* .rela.gnu.linkonce.sb.*)
 *(.rel.sdata2 .rel.sdata2.* .rel.gnu.linkonce.s2.*)
 *(.rela.sdata2 .rela.sdata2.* .rela.gnu.linkonce.s2.*)
 *(.rel.sbss2 .rel.sbss2.* .rel.gnu.linkonce.sb2.*)
 *(.rela.sbss2 .rela.sbss2.* .rela.gnu.linkonce.sb2.*)
 *(.rel.bss .rel.bss.* .rel.gnu.linkonce.b.*)
 *(.rela.bss .rela.bss.* .rela.gnu.linkonce.b.*)
 *(.rel.plt)
 *(.rela.plt)
 *(.rel.dyn)
 *(.init)
 *(.plt)
 *(.text .stub .text.* .gnu.linkonce.t.*)
 .text          0x0000000000000244       0x4c C:/Users/minis/Documents/HEIA_FR/Master/Advanced_hardware_design/Sobel_filter_part/mse_demo/software/sobel_bsp//obj/HAL/src/crt0.o
                0x0000000000000244                _start
 .text          0x0000000000000290      0x4d0 obj/default/camera.o
                0x0000000000000290                init_camera
                0x00000000000005a8                cam_get_xsize
                0x00000000000005cc                cam_get_ysize
                0x00000000000005f0                cam_get_profiling
                0x0000000000000668                cam_set_image_pointer
                0x00000000000006dc                current_image_valid
                0x00000000000006f0                current_image_pointer
                0x0000000000000700                take_picture_blocking
                0x0000000000000720                enable_continues_mode
                0x0000000000000734                new_image_available
 .text          0x0000000000000760       0x14 obj/default/dipswitch.o
                0x0000000000000760                DIPSW_get_value
 .text          0x0000000000000774      0x52c obj/default/grayscale.o
                0x0000000000000774                init_grayscale_arrays
                0x0000000000000794                conv_grayscale
                0x0000000000000834                conv_grayscale_with_subimg
                0x0000000000000b0c                build_LUT_rgb_to_gray
                0x0000000000000b5c                conv_grayscale_LUT
                0x0000000000000c08                conv_grayscale_with_subimg_LUT
                0x0000000000000c88                get_grayscale_width
                0x0000000000000c90                get_grayscale_height
                0x0000000000000c98                get_grayscale_picture
 .text          0x0000000000000ca0      0x1a4 obj/default/i2c.o
                0x0000000000000ca0                i2c_busy_wait
                0x0000000000000cb8                i2c_auto_detect
                0x0000000000000d60                i2c_short_read
                0x0000000000000dec                i2c_short_write
 .text          0x0000000000000e44      0x540 obj/default/lcd_simple.o
                0x0000000000000e44                LCD_Write_Command
                0x0000000000000e58                LCD_Write_Data
                0x0000000000000e6c                init_LCD
                0x0000000000001280                transfer_LCD_no_dma
                0x000000000000130c                transfer_LCD_with_dma
 .text          0x0000000000001384        0x0 obj/default/main.o
 .text.startup  0x0000000000001384      0x4f0 obj/default/main.o
                0x0000000000001384                main
 .text          0x0000000000001874      0xaac obj/default/sobel.o
                0x0000000000001874                init_sobel_arrays
                0x0000000000001980                sobel_complete
                0x0000000000001b08                sobel_complete_with_subimg
                0x0000000000001c64                sobel_mac
                0x0000000000001d20                sobel_x
                0x0000000000001e60                sobel_x_with_rgb
                0x0000000000001fdc                sobel_y
                0x00000000000020f4                sobel_y_with_rgb
                0x000000000000225c                sobel_threshold
                0x0000000000002310                GetSobel_rgb
                0x0000000000002318                GetSobelResult
 .text          0x0000000000002320       0x20 obj/default/vga.o
                0x0000000000002320                vga_set_pointer
                0x0000000000002330                vga_set_swap
 .text          0x0000000000002340        0x0 c:/intelfpga_lite/18.1/nios2eds/bin/gnu/h-x86_64-mingw32/bin/../lib/gcc/nios2-elf/5.3.0/../../../../../H-x86_64-mingw32/nios2-elf/lib\libc.a(lib_a-malloc.o)
 .text.malloc   0x0000000000002340       0x14 c:/intelfpga_lite/18.1/nios2eds/bin/gnu/h-x86_64-mingw32/bin/../lib/gcc/nios2-elf/5.3.0/../../../../../H-x86_64-mingw32/nios2-elf/lib\libc.a(lib_a-malloc.o)
                0x0000000000002340                malloc
 .text.free     0x0000000000002354       0x14 c:/intelfpga_lite/18.1/nios2eds/bin/gnu/h-x86_64-mingw32/bin/../lib/gcc/nios2-elf/5.3.0/../../../../../H-x86_64-mingw32/nios2-elf/lib\libc.a(lib_a-malloc.o)
                0x0000000000002354                free
 .text          0x0000000000002368        0x0 c:/intelfpga_lite/18.1/nios2eds/bin/gnu/h-x86_64-mingw32/bin/../lib/gcc/nios2-elf/5.3.0/../../../../../H-x86_64-mingw32/nios2-elf/lib\libc.a(lib_a-mallocr.o)
 .text._malloc_r
                0x0000000000002368      0x80c c:/intelfpga_lite/18.1/nios2eds/bin/gnu/h-x86_64-mingw32/bin/../lib/gcc/nios2-elf/5.3.0/../../../../../H-x86_64-mingw32/nios2-elf/lib\libc.a(lib_a-mallocr.o)
                0x0000000000002368                _malloc_r
 .text          0x0000000000002b74        0x0 c:/intelfpga_lite/18.1/nios2eds/bin/gnu/h-x86_64-mingw32/bin/../lib/gcc/nios2-elf/5.3.0/../../../../../H-x86_64-mingw32/nios2-elf/lib\libc.a(lib_a-memset.o)
 .text.memset   0x0000000000002b74      0x128 c:/intelfpga_lite/18.1/nios2eds/bin/gnu/h-x86_64-mingw32/bin/../lib/gcc/nios2-elf/5.3.0/../../../../../H-x86_64-mingw32/nios2-elf/lib\libc.a(lib_a-memset.o)
                0x0000000000002b74                memset
 .text          0x0000000000002c9c        0x0 c:/intelfpga_lite/18.1/nios2eds/bin/gnu/h-x86_64-mingw32/bin/../lib/gcc/nios2-elf/5.3.0/../../../../../H-x86_64-mingw32/nios2-elf/lib\libc.a(lib_a-printf.o)
 .text._printf_r
                0x0000000000002c9c       0x30 c:/intelfpga_lite/18.1/nios2eds/bin/gnu/h-x86_64-mingw32/bin/../lib/gcc/nios2-elf/5.3.0/../../../../../H-x86_64-mingw32/nios2-elf/lib\libc.a(lib_a-printf.o)
                0x0000000000002c9c                _printf_r
 .text.printf   0x0000000000002ccc       0x3c c:/intelfpga_lite/18.1/nios2eds/bin/gnu/h-x86_64-mingw32/bin/../lib/gcc/nios2-elf/5.3.0/../../../../../H-x86_64-mingw32/nios2-elf/lib\libc.a(lib_a-printf.o)
                0x0000000000002ccc                printf
 .text          0x0000000000002d08        0x0 c:/intelfpga_lite/18.1/nios2eds/bin/gnu/h-x86_64-mingw32/bin/../lib/gcc/nios2-elf/5.3.0/../../../../../H-x86_64-mingw32/nios2-elf/lib\libc.a(lib_a-puts.o)
 .text._puts_r  0x0000000000002d08       0xc0 c:/intelfpga_lite/18.1/nios2eds/bin/gnu/h-x86_64-mingw32/bin/../lib/gcc/nios2-elf/5.3.0/../../../../../H-x86_64-mingw32/nios2-elf/lib\libc.a(lib_a-puts.o)
                0x0000000000002d08                _puts_r
 .text.puts     0x0000000000002dc8       0x14 c:/intelfpga_lite/18.1/nios2eds/bin/gnu/h-x86_64-mingw32/bin/../lib/gcc/nios2-elf/5.3.0/../../../../../H-x86_64-mingw32/nios2-elf/lib\libc.a(lib_a-puts.o)
                0x0000000000002dc8                puts
 .text          0x0000000000002ddc        0x0 c:/intelfpga_lite/18.1/nios2eds/bin/gnu/h-x86_64-mingw32/bin/../lib/gcc/nios2-elf/5.3.0/../../../../../H-x86_64-mingw32/nios2-elf/lib\libc.a(lib_a-sbrkr.o)
 .text._sbrk_r  0x0000000000002ddc       0x54 c:/intelfpga_lite/18.1/nios2eds/bin/gnu/h-x86_64-mingw32/bin/../lib/gcc/nios2-elf/5.3.0/../../../../../H-x86_64-mingw32/nios2-elf/lib\libc.a(lib_a-sbrkr.o)
                0x0000000000002ddc                _sbrk_r
 .text          0x0000000000002e30        0x0 c:/intelfpga_lite/18.1/nios2eds/bin/gnu/h-x86_64-mingw32/bin/../lib/gcc/nios2-elf/5.3.0/../../../../../H-x86_64-mingw32/nios2-elf/lib\libc.a(lib_a-strlen.o)
 .text.strlen   0x0000000000002e30       0x98 c:/intelfpga_lite/18.1/nios2eds/bin/gnu/h-x86_64-mingw32/bin/../lib/gcc/nios2-elf/5.3.0/../../../../../H-x86_64-mingw32/nios2-elf/lib\libc.a(lib_a-strlen.o)
                0x0000000000002e30                strlen
 .text          0x0000000000002ec8        0x0 c:/intelfpga_lite/18.1/nios2eds/bin/gnu/h-x86_64-mingw32/bin/../lib/gcc/nios2-elf/5.3.0/../../../../../H-x86_64-mingw32/nios2-elf/lib\libc.a(lib_a-vfprintf.o)
 .text.___vfprintf_internal_r
                0x0000000000002ec8     0x21f8 c:/intelfpga_lite/18.1/nios2eds/bin/gnu/h-x86_64-mingw32/bin/../lib/gcc/nios2-elf/5.3.0/../../../../../H-x86_64-mingw32/nios2-elf/lib\libc.a(lib_a-vfprintf.o)
                0x0000000000002ec8                ___vfprintf_internal_r
 .text.__vfprintf_internal
                0x00000000000050c0       0x1c c:/intelfpga_lite/18.1/nios2eds/bin/gnu/h-x86_64-mingw32/bin/../lib/gcc/nios2-elf/5.3.0/../../../../../H-x86_64-mingw32/nios2-elf/lib\libc.a(lib_a-vfprintf.o)
                0x00000000000050c0                __vfprintf_internal
 .text.__sbprintf
                0x00000000000050dc       0xbc c:/intelfpga_lite/18.1/nios2eds/bin/gnu/h-x86_64-mingw32/bin/../lib/gcc/nios2-elf/5.3.0/../../../../../H-x86_64-mingw32/nios2-elf/lib\libc.a(lib_a-vfprintf.o)
 .text          0x0000000000005198        0x0 c:/intelfpga_lite/18.1/nios2eds/bin/gnu/h-x86_64-mingw32/bin/../lib/gcc/nios2-elf/5.3.0/../../../../../H-x86_64-mingw32/nios2-elf/lib\libc.a(lib_a-wsetup.o)
 .text.__swsetup_r
                0x0000000000005198      0x154 c:/intelfpga_lite/18.1/nios2eds/bin/gnu/h-x86_64-mingw32/bin/../lib/gcc/nios2-elf/5.3.0/../../../../../H-x86_64-mingw32/nios2-elf/lib\libc.a(lib_a-wsetup.o)
                0x0000000000005198                __swsetup_r
 .text          0x00000000000052ec        0x0 c:/intelfpga_lite/18.1/nios2eds/bin/gnu/h-x86_64-mingw32/bin/../lib/gcc/nios2-elf/5.3.0/../../../../../H-x86_64-mingw32/nios2-elf/lib\libc.a(lib_a-dtoa.o)
 .text.quorem   0x00000000000052ec      0x200 c:/intelfpga_lite/18.1/nios2eds/bin/gnu/h-x86_64-mingw32/bin/../lib/gcc/nios2-elf/5.3.0/../../../../../H-x86_64-mingw32/nios2-elf/lib\libc.a(lib_a-dtoa.o)
 .text._dtoa_r  0x00000000000054ec     0x1688 c:/intelfpga_lite/18.1/nios2eds/bin/gnu/h-x86_64-mingw32/bin/../lib/gcc/nios2-elf/5.3.0/../../../../../H-x86_64-mingw32/nios2-elf/lib\libc.a(lib_a-dtoa.o)
                0x00000000000054ec                _dtoa_r
 .text          0x0000000000006b74        0x0 c:/intelfpga_lite/18.1/nios2eds/bin/gnu/h-x86_64-mingw32/bin/../lib/gcc/nios2-elf/5.3.0/../../../../../H-x86_64-mingw32/nios2-elf/lib\libc.a(lib_a-fflush.o)
 .text.__sflush_r
                0x0000000000006b74      0x21c c:/intelfpga_lite/18.1/nios2eds/bin/gnu/h-x86_64-mingw32/bin/../lib/gcc/nios2-elf/5.3.0/../../../../../H-x86_64-mingw32/nios2-elf/lib\libc.a(lib_a-fflush.o)
                0x0000000000006b74                __sflush_r
 .text._fflush_r
                0x0000000000006d90       0x5c c:/intelfpga_lite/18.1/nios2eds/bin/gnu/h-x86_64-mingw32/bin/../lib/gcc/nios2-elf/5.3.0/../../../../../H-x86_64-mingw32/nios2-elf/lib\libc.a(lib_a-fflush.o)
                0x0000000000006d90                _fflush_r
 .text.fflush   0x0000000000006dec       0x30 c:/intelfpga_lite/18.1/nios2eds/bin/gnu/h-x86_64-mingw32/bin/../lib/gcc/nios2-elf/5.3.0/../../../../../H-x86_64-mingw32/nios2-elf/lib\libc.a(lib_a-fflush.o)
                0x0000000000006dec                fflush
 .text          0x0000000000006e1c        0x0 c:/intelfpga_lite/18.1/nios2eds/bin/gnu/h-x86_64-mingw32/bin/../lib/gcc/nios2-elf/5.3.0/../../../../../H-x86_64-mingw32/nios2-elf/lib\libc.a(lib_a-findfp.o)
 .text.__fp_unlock
                0x0000000000006e1c        0x8 c:/intelfpga_lite/18.1/nios2eds/bin/gnu/h-x86_64-mingw32/bin/../lib/gcc/nios2-elf/5.3.0/../../../../../H-x86_64-mingw32/nios2-elf/lib\libc.a(lib_a-findfp.o)
 .text._cleanup_r
                0x0000000000006e24        0xc c:/intelfpga_lite/18.1/nios2eds/bin/gnu/h-x86_64-mingw32/bin/../lib/gcc/nios2-elf/5.3.0/../../../../../H-x86_64-mingw32/nios2-elf/lib\libc.a(lib_a-findfp.o)
                0x0000000000006e24                _cleanup_r
 .text.__sinit.part.1
                0x0000000000006e30      0x19c c:/intelfpga_lite/18.1/nios2eds/bin/gnu/h-x86_64-mingw32/bin/../lib/gcc/nios2-elf/5.3.0/../../../../../H-x86_64-mingw32/nios2-elf/lib\libc.a(lib_a-findfp.o)
 .text.__fp_lock
                0x0000000000006fcc        0x8 c:/intelfpga_lite/18.1/nios2eds/bin/gnu/h-x86_64-mingw32/bin/../lib/gcc/nios2-elf/5.3.0/../../../../../H-x86_64-mingw32/nios2-elf/lib\libc.a(lib_a-findfp.o)
 .text.__sfmoreglue
                0x0000000000006fd4       0x68 c:/intelfpga_lite/18.1/nios2eds/bin/gnu/h-x86_64-mingw32/bin/../lib/gcc/nios2-elf/5.3.0/../../../../../H-x86_64-mingw32/nios2-elf/lib\libc.a(lib_a-findfp.o)
                0x0000000000006fd4                __sfmoreglue
 .text.__sfp    0x000000000000703c      0x118 c:/intelfpga_lite/18.1/nios2eds/bin/gnu/h-x86_64-mingw32/bin/../lib/gcc/nios2-elf/5.3.0/../../../../../H-x86_64-mingw32/nios2-elf/lib\libc.a(lib_a-findfp.o)
                0x000000000000703c                __sfp
 .text._cleanup
                0x0000000000007154       0x18 c:/intelfpga_lite/18.1/nios2eds/bin/gnu/h-x86_64-mingw32/bin/../lib/gcc/nios2-elf/5.3.0/../../../../../H-x86_64-mingw32/nios2-elf/lib\libc.a(lib_a-findfp.o)
                0x0000000000007154                _cleanup
 .text.__sinit  0x000000000000716c       0x10 c:/intelfpga_lite/18.1/nios2eds/bin/gnu/h-x86_64-mingw32/bin/../lib/gcc/nios2-elf/5.3.0/../../../../../H-x86_64-mingw32/nios2-elf/lib\libc.a(lib_a-findfp.o)
                0x000000000000716c                __sinit
 .text.__sfp_lock_acquire
                0x000000000000717c        0x4 c:/intelfpga_lite/18.1/nios2eds/bin/gnu/h-x86_64-mingw32/bin/../lib/gcc/nios2-elf/5.3.0/../../../../../H-x86_64-mingw32/nios2-elf/lib\libc.a(lib_a-findfp.o)
                0x000000000000717c                __sfp_lock_acquire
 .text.__sfp_lock_release
                0x0000000000007180        0x4 c:/intelfpga_lite/18.1/nios2eds/bin/gnu/h-x86_64-mingw32/bin/../lib/gcc/nios2-elf/5.3.0/../../../../../H-x86_64-mingw32/nios2-elf/lib\libc.a(lib_a-findfp.o)
                0x0000000000007180                __sfp_lock_release
 .text.__sinit_lock_acquire
                0x0000000000007184        0x4 c:/intelfpga_lite/18.1/nios2eds/bin/gnu/h-x86_64-mingw32/bin/../lib/gcc/nios2-elf/5.3.0/../../../../../H-x86_64-mingw32/nios2-elf/lib\libc.a(lib_a-findfp.o)
                0x0000000000007184                __sinit_lock_acquire
 .text.__sinit_lock_release
                0x0000000000007188        0x4 c:/intelfpga_lite/18.1/nios2eds/bin/gnu/h-x86_64-mingw32/bin/../lib/gcc/nios2-elf/5.3.0/../../../../../H-x86_64-mingw32/nios2-elf/lib\libc.a(lib_a-findfp.o)
                0x0000000000007188                __sinit_lock_release
 .text.__fp_lock_all
                0x000000000000718c       0x18 c:/intelfpga_lite/18.1/nios2eds/bin/gnu/h-x86_64-mingw32/bin/../lib/gcc/nios2-elf/5.3.0/../../../../../H-x86_64-mingw32/nios2-elf/lib\libc.a(lib_a-findfp.o)
                0x000000000000718c                __fp_lock_all
 .text.__fp_unlock_all
                0x00000000000071a4       0x18 c:/intelfpga_lite/18.1/nios2eds/bin/gnu/h-x86_64-mingw32/bin/../lib/gcc/nios2-elf/5.3.0/../../../../../H-x86_64-mingw32/nios2-elf/lib\libc.a(lib_a-findfp.o)
                0x00000000000071a4                __fp_unlock_all
 .text          0x00000000000071bc        0x0 c:/intelfpga_lite/18.1/nios2eds/bin/gnu/h-x86_64-mingw32/bin/../lib/gcc/nios2-elf/5.3.0/../../../../../H-x86_64-mingw32/nios2-elf/lib\libc.a(lib_a-freer.o)
 .text._malloc_trim_r
                0x00000000000071bc      0x124 c:/intelfpga_lite/18.1/nios2eds/bin/gnu/h-x86_64-mingw32/bin/../lib/gcc/nios2-elf/5.3.0/../../../../../H-x86_64-mingw32/nios2-elf/lib\libc.a(lib_a-freer.o)
                0x00000000000071bc                _malloc_trim_r
 .text._free_r  0x00000000000072e0      0x310 c:/intelfpga_lite/18.1/nios2eds/bin/gnu/h-x86_64-mingw32/bin/../lib/gcc/nios2-elf/5.3.0/../../../../../H-x86_64-mingw32/nios2-elf/lib\libc.a(lib_a-freer.o)
                0x00000000000072e0                _free_r
 .text          0x00000000000075f0        0x0 c:/intelfpga_lite/18.1/nios2eds/bin/gnu/h-x86_64-mingw32/bin/../lib/gcc/nios2-elf/5.3.0/../../../../../H-x86_64-mingw32/nios2-elf/lib\libc.a(lib_a-fvwrite.o)
 .text.__sfvwrite_r
                0x00000000000075f0      0x4bc c:/intelfpga_lite/18.1/nios2eds/bin/gnu/h-x86_64-mingw32/bin/../lib/gcc/nios2-elf/5.3.0/../../../../../H-x86_64-mingw32/nios2-elf/lib\libc.a(lib_a-fvwrite.o)
                0x00000000000075f0                __sfvwrite_r
 .text          0x0000000000007aac        0x0 c:/intelfpga_lite/18.1/nios2eds/bin/gnu/h-x86_64-mingw32/bin/../lib/gcc/nios2-elf/5.3.0/../../../../../H-x86_64-mingw32/nios2-elf/lib\libc.a(lib_a-fwalk.o)
 .text._fwalk   0x0000000000007aac       0xc4 c:/intelfpga_lite/18.1/nios2eds/bin/gnu/h-x86_64-mingw32/bin/../lib/gcc/nios2-elf/5.3.0/../../../../../H-x86_64-mingw32/nios2-elf/lib\libc.a(lib_a-fwalk.o)
                0x0000000000007aac                _fwalk
 .text._fwalk_reent
                0x0000000000007b70       0xc4 c:/intelfpga_lite/18.1/nios2eds/bin/gnu/h-x86_64-mingw32/bin/../lib/gcc/nios2-elf/5.3.0/../../../../../H-x86_64-mingw32/nios2-elf/lib\libc.a(lib_a-fwalk.o)
                0x0000000000007b70                _fwalk_reent
 .text          0x0000000000007c34        0x0 c:/intelfpga_lite/18.1/nios2eds/bin/gnu/h-x86_64-mingw32/bin/../lib/gcc/nios2-elf/5.3.0/../../../../../H-x86_64-mingw32/nios2-elf/lib\libc.a(lib_a-impure.o)
 .text          0x0000000000007c34        0x0 c:/intelfpga_lite/18.1/nios2eds/bin/gnu/h-x86_64-mingw32/bin/../lib/gcc/nios2-elf/5.3.0/../../../../../H-x86_64-mingw32/nios2-elf/lib\libc.a(lib_a-int_errno.o)
 .text          0x0000000000007c34        0x0 c:/intelfpga_lite/18.1/nios2eds/bin/gnu/h-x86_64-mingw32/bin/../lib/gcc/nios2-elf/5.3.0/../../../../../H-x86_64-mingw32/nios2-elf/lib\libc.a(lib_a-locale.o)
 .text._setlocale_r
                0x0000000000007c34       0x7c c:/intelfpga_lite/18.1/nios2eds/bin/gnu/h-x86_64-mingw32/bin/../lib/gcc/nios2-elf/5.3.0/../../../../../H-x86_64-mingw32/nios2-elf/lib\libc.a(lib_a-locale.o)
                0x0000000000007c34                _setlocale_r
 .text.__locale_charset
                0x0000000000007cb0        0xc c:/intelfpga_lite/18.1/nios2eds/bin/gnu/h-x86_64-mingw32/bin/../lib/gcc/nios2-elf/5.3.0/../../../../../H-x86_64-mingw32/nios2-elf/lib\libc.a(lib_a-locale.o)
                0x0000000000007cb0                __locale_charset
 .text.__locale_mb_cur_max
                0x0000000000007cbc       0x10 c:/intelfpga_lite/18.1/nios2eds/bin/gnu/h-x86_64-mingw32/bin/../lib/gcc/nios2-elf/5.3.0/../../../../../H-x86_64-mingw32/nios2-elf/lib\libc.a(lib_a-locale.o)
                0x0000000000007cbc                __locale_mb_cur_max
 .text.__locale_msgcharset
                0x0000000000007ccc        0xc c:/intelfpga_lite/18.1/nios2eds/bin/gnu/h-x86_64-mingw32/bin/../lib/gcc/nios2-elf/5.3.0/../../../../../H-x86_64-mingw32/nios2-elf/lib\libc.a(lib_a-locale.o)
                0x0000000000007ccc                __locale_msgcharset
 .text.__locale_cjk_lang
                0x0000000000007cd8        0x8 c:/intelfpga_lite/18.1/nios2eds/bin/gnu/h-x86_64-mingw32/bin/../lib/gcc/nios2-elf/5.3.0/../../../../../H-x86_64-mingw32/nios2-elf/lib\libc.a(lib_a-locale.o)
                0x0000000000007cd8                __locale_cjk_lang
 .text._localeconv_r
                0x0000000000007ce0        0xc c:/intelfpga_lite/18.1/nios2eds/bin/gnu/h-x86_64-mingw32/bin/../lib/gcc/nios2-elf/5.3.0/../../../../../H-x86_64-mingw32/nios2-elf/lib\libc.a(lib_a-locale.o)
                0x0000000000007ce0                _localeconv_r
 .text.setlocale
                0x0000000000007cec       0x18 c:/intelfpga_lite/18.1/nios2eds/bin/gnu/h-x86_64-mingw32/bin/../lib/gcc/nios2-elf/5.3.0/../../../../../H-x86_64-mingw32/nios2-elf/lib\libc.a(lib_a-locale.o)
                0x0000000000007cec                setlocale
 .text.localeconv
                0x0000000000007d04        0xc c:/intelfpga_lite/18.1/nios2eds/bin/gnu/h-x86_64-mingw32/bin/../lib/gcc/nios2-elf/5.3.0/../../../../../H-x86_64-mingw32/nios2-elf/lib\libc.a(lib_a-locale.o)
                0x0000000000007d04                localeconv
 .text          0x0000000000007d10        0x0 c:/intelfpga_lite/18.1/nios2eds/bin/gnu/h-x86_64-mingw32/bin/../lib/gcc/nios2-elf/5.3.0/../../../../../H-x86_64-mingw32/nios2-elf/lib\libc.a(lib_a-makebuf.o)
 .text.__smakebuf_r
                0x0000000000007d10      0x1bc c:/intelfpga_lite/18.1/nios2eds/bin/gnu/h-x86_64-mingw32/bin/../lib/gcc/nios2-elf/5.3.0/../../../../../H-x86_64-mingw32/nios2-elf/lib\libc.a(lib_a-makebuf.o)
                0x0000000000007d10                __smakebuf_r
 .text          0x0000000000007ecc        0x0 c:/intelfpga_lite/18.1/nios2eds/bin/gnu/h-x86_64-mingw32/bin/../lib/gcc/nios2-elf/5.3.0/../../../../../H-x86_64-mingw32/nios2-elf/lib\libc.a(lib_a-memchr.o)
 .text.memchr   0x0000000000007ecc       0xe4 c:/intelfpga_lite/18.1/nios2eds/bin/gnu/h-x86_64-mingw32/bin/../lib/gcc/nios2-elf/5.3.0/../../../../../H-x86_64-mingw32/nios2-elf/lib\libc.a(lib_a-memchr.o)
                0x0000000000007ecc                memchr
 .text          0x0000000000007fb0        0x0 c:/intelfpga_lite/18.1/nios2eds/bin/gnu/h-x86_64-mingw32/bin/../lib/gcc/nios2-elf/5.3.0/../../../../../H-x86_64-mingw32/nios2-elf/lib\libc.a(lib_a-memcpy.o)
 .text.memcpy   0x0000000000007fb0      0x148 c:/intelfpga_lite/18.1/nios2eds/bin/gnu/h-x86_64-mingw32/bin/../lib/gcc/nios2-elf/5.3.0/../../../../../H-x86_64-mingw32/nios2-elf/lib\libc.a(lib_a-memcpy.o)
                0x0000000000007fb0                memcpy
 .text          0x00000000000080f8        0x0 c:/intelfpga_lite/18.1/nios2eds/bin/gnu/h-x86_64-mingw32/bin/../lib/gcc/nios2-elf/5.3.0/../../../../../H-x86_64-mingw32/nios2-elf/lib\libc.a(lib_a-memmove.o)
 .text.memmove  0x00000000000080f8      0x15c c:/intelfpga_lite/18.1/nios2eds/bin/gnu/h-x86_64-mingw32/bin/../lib/gcc/nios2-elf/5.3.0/../../../../../H-x86_64-mingw32/nios2-elf/lib\libc.a(lib_a-memmove.o)
                0x00000000000080f8                memmove
 .text          0x0000000000008254        0x0 c:/intelfpga_lite/18.1/nios2eds/bin/gnu/h-x86_64-mingw32/bin/../lib/gcc/nios2-elf/5.3.0/../../../../../H-x86_64-mingw32/nios2-elf/lib\libc.a(lib_a-mprec.o)
 .text._Balloc  0x0000000000008254       0xa8 c:/intelfpga_lite/18.1/nios2eds/bin/gnu/h-x86_64-mingw32/bin/../lib/gcc/nios2-elf/5.3.0/../../../../../H-x86_64-mingw32/nios2-elf/lib\libc.a(lib_a-mprec.o)
                0x0000000000008254                _Balloc
 .text._Bfree   0x00000000000082fc       0x28 c:/intelfpga_lite/18.1/nios2eds/bin/gnu/h-x86_64-mingw32/bin/../lib/gcc/nios2-elf/5.3.0/../../../../../H-x86_64-mingw32/nios2-elf/lib\libc.a(lib_a-mprec.o)
                0x00000000000082fc                _Bfree
 .text.__multadd
                0x0000000000008324      0x120 c:/intelfpga_lite/18.1/nios2eds/bin/gnu/h-x86_64-mingw32/bin/../lib/gcc/nios2-elf/5.3.0/../../../../../H-x86_64-mingw32/nios2-elf/lib\libc.a(lib_a-mprec.o)
                0x0000000000008324                __multadd
 .text.__s2b    0x0000000000008444      0x104 c:/intelfpga_lite/18.1/nios2eds/bin/gnu/h-x86_64-mingw32/bin/../lib/gcc/nios2-elf/5.3.0/../../../../../H-x86_64-mingw32/nios2-elf/lib\libc.a(lib_a-mprec.o)
                0x0000000000008444                __s2b
 .text.__hi0bits
                0x0000000000008548       0x68 c:/intelfpga_lite/18.1/nios2eds/bin/gnu/h-x86_64-mingw32/bin/../lib/gcc/nios2-elf/5.3.0/../../../../../H-x86_64-mingw32/nios2-elf/lib\libc.a(lib_a-mprec.o)
                0x0000000000008548                __hi0bits
 .text.__lo0bits
                0x00000000000085b0       0xb0 c:/intelfpga_lite/18.1/nios2eds/bin/gnu/h-x86_64-mingw32/bin/../lib/gcc/nios2-elf/5.3.0/../../../../../H-x86_64-mingw32/nios2-elf/lib\libc.a(lib_a-mprec.o)
                0x00000000000085b0                __lo0bits
 .text.__i2b    0x0000000000008660       0x3c c:/intelfpga_lite/18.1/nios2eds/bin/gnu/h-x86_64-mingw32/bin/../lib/gcc/nios2-elf/5.3.0/../../../../../H-x86_64-mingw32/nios2-elf/lib\libc.a(lib_a-mprec.o)
                0x0000000000008660                __i2b
 .text.__multiply
                0x000000000000869c      0x1f8 c:/intelfpga_lite/18.1/nios2eds/bin/gnu/h-x86_64-mingw32/bin/../lib/gcc/nios2-elf/5.3.0/../../../../../H-x86_64-mingw32/nios2-elf/lib\libc.a(lib_a-mprec.o)
                0x000000000000869c                __multiply
 .text.__pow5mult
                0x0000000000008894      0x140 c:/intelfpga_lite/18.1/nios2eds/bin/gnu/h-x86_64-mingw32/bin/../lib/gcc/nios2-elf/5.3.0/../../../../../H-x86_64-mingw32/nios2-elf/lib\libc.a(lib_a-mprec.o)
                0x0000000000008894                __pow5mult
 .text.__lshift
                0x00000000000089d4      0x148 c:/intelfpga_lite/18.1/nios2eds/bin/gnu/h-x86_64-mingw32/bin/../lib/gcc/nios2-elf/5.3.0/../../../../../H-x86_64-mingw32/nios2-elf/lib\libc.a(lib_a-mprec.o)
                0x00000000000089d4                __lshift
 .text.__mcmp   0x0000000000008b1c       0x60 c:/intelfpga_lite/18.1/nios2eds/bin/gnu/h-x86_64-mingw32/bin/../lib/gcc/nios2-elf/5.3.0/../../../../../H-x86_64-mingw32/nios2-elf/lib\libc.a(lib_a-mprec.o)
                0x0000000000008b1c                __mcmp
 .text.__mdiff  0x0000000000008b7c      0x1fc c:/intelfpga_lite/18.1/nios2eds/bin/gnu/h-x86_64-mingw32/bin/../lib/gcc/nios2-elf/5.3.0/../../../../../H-x86_64-mingw32/nios2-elf/lib\libc.a(lib_a-mprec.o)
                0x0000000000008b7c                __mdiff
 .text.__ulp    0x0000000000008d78       0x64 c:/intelfpga_lite/18.1/nios2eds/bin/gnu/h-x86_64-mingw32/bin/../lib/gcc/nios2-elf/5.3.0/../../../../../H-x86_64-mingw32/nios2-elf/lib\libc.a(lib_a-mprec.o)
                0x0000000000008d78                __ulp
 .text.__b2d    0x0000000000008ddc      0x10c c:/intelfpga_lite/18.1/nios2eds/bin/gnu/h-x86_64-mingw32/bin/../lib/gcc/nios2-elf/5.3.0/../../../../../H-x86_64-mingw32/nios2-elf/lib\libc.a(lib_a-mprec.o)
                0x0000000000008ddc                __b2d
 .text.__d2b    0x0000000000008ee8      0x14c c:/intelfpga_lite/18.1/nios2eds/bin/gnu/h-x86_64-mingw32/bin/../lib/gcc/nios2-elf/5.3.0/../../../../../H-x86_64-mingw32/nios2-elf/lib\libc.a(lib_a-mprec.o)
                0x0000000000008ee8                __d2b
 .text.__ratio  0x0000000000009034       0xa4 c:/intelfpga_lite/18.1/nios2eds/bin/gnu/h-x86_64-mingw32/bin/../lib/gcc/nios2-elf/5.3.0/../../../../../H-x86_64-mingw32/nios2-elf/lib\libc.a(lib_a-mprec.o)
                0x0000000000009034                __ratio
 .text._mprec_log10
                0x00000000000090d8       0x74 c:/intelfpga_lite/18.1/nios2eds/bin/gnu/h-x86_64-mingw32/bin/../lib/gcc/nios2-elf/5.3.0/../../../../../H-x86_64-mingw32/nios2-elf/lib\libc.a(lib_a-mprec.o)
                0x00000000000090d8                _mprec_log10
 .text.__copybits
                0x000000000000914c       0x78 c:/intelfpga_lite/18.1/nios2eds/bin/gnu/h-x86_64-mingw32/bin/../lib/gcc/nios2-elf/5.3.0/../../../../../H-x86_64-mingw32/nios2-elf/lib\libc.a(lib_a-mprec.o)
                0x000000000000914c                __copybits
 .text.__any_on
                0x00000000000091c4       0x8c c:/intelfpga_lite/18.1/nios2eds/bin/gnu/h-x86_64-mingw32/bin/../lib/gcc/nios2-elf/5.3.0/../../../../../H-x86_64-mingw32/nios2-elf/lib\libc.a(lib_a-mprec.o)
                0x00000000000091c4                __any_on
 .text          0x0000000000009250        0x0 c:/intelfpga_lite/18.1/nios2eds/bin/gnu/h-x86_64-mingw32/bin/../lib/gcc/nios2-elf/5.3.0/../../../../../H-x86_64-mingw32/nios2-elf/lib\libc.a(lib_a-reallocr.o)
 .text._realloc_r
                0x0000000000009250      0x564 c:/intelfpga_lite/18.1/nios2eds/bin/gnu/h-x86_64-mingw32/bin/../lib/gcc/nios2-elf/5.3.0/../../../../../H-x86_64-mingw32/nios2-elf/lib\libc.a(lib_a-reallocr.o)
                0x0000000000009250                _realloc_r
 .text          0x00000000000097b4        0x0 c:/intelfpga_lite/18.1/nios2eds/bin/gnu/h-x86_64-mingw32/bin/../lib/gcc/nios2-elf/5.3.0/../../../../../H-x86_64-mingw32/nios2-elf/lib\libc.a(lib_a-s_fpclassify.o)
 .text.__fpclassifyd
                0x00000000000097b4       0x74 c:/intelfpga_lite/18.1/nios2eds/bin/gnu/h-x86_64-mingw32/bin/../lib/gcc/nios2-elf/5.3.0/../../../../../H-x86_64-mingw32/nios2-elf/lib\libc.a(lib_a-s_fpclassify.o)
                0x00000000000097b4                __fpclassifyd
 .text          0x0000000000009828        0x0 c:/intelfpga_lite/18.1/nios2eds/bin/gnu/h-x86_64-mingw32/bin/../lib/gcc/nios2-elf/5.3.0/../../../../../H-x86_64-mingw32/nios2-elf/lib\libc.a(lib_a-stdio.o)
 .text.__sread  0x0000000000009828       0x54 c:/intelfpga_lite/18.1/nios2eds/bin/gnu/h-x86_64-mingw32/bin/../lib/gcc/nios2-elf/5.3.0/../../../../../H-x86_64-mingw32/nios2-elf/lib\libc.a(lib_a-stdio.o)
                0x0000000000009828                __sread
 .text.__seofread
                0x000000000000987c        0x8 c:/intelfpga_lite/18.1/nios2eds/bin/gnu/h-x86_64-mingw32/bin/../lib/gcc/nios2-elf/5.3.0/../../../../../H-x86_64-mingw32/nios2-elf/lib\libc.a(lib_a-stdio.o)
                0x000000000000987c                __seofread
 .text.__swrite
                0x0000000000009884       0x7c c:/intelfpga_lite/18.1/nios2eds/bin/gnu/h-x86_64-mingw32/bin/../lib/gcc/nios2-elf/5.3.0/../../../../../H-x86_64-mingw32/nios2-elf/lib\libc.a(lib_a-stdio.o)
                0x0000000000009884                __swrite
 .text.__sseek  0x0000000000009900       0x5c c:/intelfpga_lite/18.1/nios2eds/bin/gnu/h-x86_64-mingw32/bin/../lib/gcc/nios2-elf/5.3.0/../../../../../H-x86_64-mingw32/nios2-elf/lib\libc.a(lib_a-stdio.o)
                0x0000000000009900                __sseek
 .text.__sclose
                0x000000000000995c        0x8 c:/intelfpga_lite/18.1/nios2eds/bin/gnu/h-x86_64-mingw32/bin/../lib/gcc/nios2-elf/5.3.0/../../../../../H-x86_64-mingw32/nios2-elf/lib\libc.a(lib_a-stdio.o)
                0x000000000000995c                __sclose
 .text          0x0000000000009964        0x0 c:/intelfpga_lite/18.1/nios2eds/bin/gnu/h-x86_64-mingw32/bin/../lib/gcc/nios2-elf/5.3.0/../../../../../H-x86_64-mingw32/nios2-elf/lib\libc.a(lib_a-strcmp.o)
 .text.strcmp   0x0000000000009964       0xdc c:/intelfpga_lite/18.1/nios2eds/bin/gnu/h-x86_64-mingw32/bin/../lib/gcc/nios2-elf/5.3.0/../../../../../H-x86_64-mingw32/nios2-elf/lib\libc.a(lib_a-strcmp.o)
                0x0000000000009964                strcmp
 .text          0x0000000000009a40        0x0 c:/intelfpga_lite/18.1/nios2eds/bin/gnu/h-x86_64-mingw32/bin/../lib/gcc/nios2-elf/5.3.0/../../../../../H-x86_64-mingw32/nios2-elf/lib\libc.a(lib_a-vfiprintf.o)
 .text.__sprint_r.part.0
                0x0000000000009a40       0xfc c:/intelfpga_lite/18.1/nios2eds/bin/gnu/h-x86_64-mingw32/bin/../lib/gcc/nios2-elf/5.3.0/../../../../../H-x86_64-mingw32/nios2-elf/lib\libc.a(lib_a-vfiprintf.o)
 .text.__sprint_r
                0x0000000000009b3c       0x18 c:/intelfpga_lite/18.1/nios2eds/bin/gnu/h-x86_64-mingw32/bin/../lib/gcc/nios2-elf/5.3.0/../../../../../H-x86_64-mingw32/nios2-elf/lib\libc.a(lib_a-vfiprintf.o)
                0x0000000000009b3c                __sprint_r
 .text.___vfiprintf_internal_r
                0x0000000000009b54     0x145c c:/intelfpga_lite/18.1/nios2eds/bin/gnu/h-x86_64-mingw32/bin/../lib/gcc/nios2-elf/5.3.0/../../../../../H-x86_64-mingw32/nios2-elf/lib\libc.a(lib_a-vfiprintf.o)
                0x0000000000009b54                ___vfiprintf_internal_r
 .text.__vfiprintf_internal
                0x000000000000afb0       0x1c c:/intelfpga_lite/18.1/nios2eds/bin/gnu/h-x86_64-mingw32/bin/../lib/gcc/nios2-elf/5.3.0/../../../../../H-x86_64-mingw32/nios2-elf/lib\libc.a(lib_a-vfiprintf.o)
                0x000000000000afb0                __vfiprintf_internal
 .text.__sbprintf
                0x000000000000afcc       0xbc c:/intelfpga_lite/18.1/nios2eds/bin/gnu/h-x86_64-mingw32/bin/../lib/gcc/nios2-elf/5.3.0/../../../../../H-x86_64-mingw32/nios2-elf/lib\libc.a(lib_a-vfiprintf.o)
 .text          0x000000000000b088        0x0 c:/intelfpga_lite/18.1/nios2eds/bin/gnu/h-x86_64-mingw32/bin/../lib/gcc/nios2-elf/5.3.0/../../../../../H-x86_64-mingw32/nios2-elf/lib\libc.a(lib_a-writer.o)
 .text._write_r
                0x000000000000b088       0x60 c:/intelfpga_lite/18.1/nios2eds/bin/gnu/h-x86_64-mingw32/bin/../lib/gcc/nios2-elf/5.3.0/../../../../../H-x86_64-mingw32/nios2-elf/lib\libc.a(lib_a-writer.o)
                0x000000000000b088                _write_r
 .text          0x000000000000b0e8        0x0 c:/intelfpga_lite/18.1/nios2eds/bin/gnu/h-x86_64-mingw32/bin/../lib/gcc/nios2-elf/5.3.0/../../../../../H-x86_64-mingw32/nios2-elf/lib\libc.a(closer.o)
 .text._close_r
                0x000000000000b0e8       0x54 c:/intelfpga_lite/18.1/nios2eds/bin/gnu/h-x86_64-mingw32/bin/../lib/gcc/nios2-elf/5.3.0/../../../../../H-x86_64-mingw32/nios2-elf/lib\libc.a(closer.o)
                0x000000000000b0e8                _close_r
 .text          0x000000000000b13c        0x0 c:/intelfpga_lite/18.1/nios2eds/bin/gnu/h-x86_64-mingw32/bin/../lib/gcc/nios2-elf/5.3.0/../../../../../H-x86_64-mingw32/nios2-elf/lib\libc.a(lib_a-callocr.o)
 .text._calloc_r
                0x000000000000b13c       0xc4 c:/intelfpga_lite/18.1/nios2eds/bin/gnu/h-x86_64-mingw32/bin/../lib/gcc/nios2-elf/5.3.0/../../../../../H-x86_64-mingw32/nios2-elf/lib\libc.a(lib_a-callocr.o)
                0x000000000000b13c                _calloc_r
 .text          0x000000000000b200        0x0 c:/intelfpga_lite/18.1/nios2eds/bin/gnu/h-x86_64-mingw32/bin/../lib/gcc/nios2-elf/5.3.0/../../../../../H-x86_64-mingw32/nios2-elf/lib\libc.a(lib_a-fclose.o)
 .text._fclose_r
                0x000000000000b200       0xf0 c:/intelfpga_lite/18.1/nios2eds/bin/gnu/h-x86_64-mingw32/bin/../lib/gcc/nios2-elf/5.3.0/../../../../../H-x86_64-mingw32/nios2-elf/lib\libc.a(lib_a-fclose.o)
                0x000000000000b200                _fclose_r
 .text.fclose   0x000000000000b2f0       0x14 c:/intelfpga_lite/18.1/nios2eds/bin/gnu/h-x86_64-mingw32/bin/../lib/gcc/nios2-elf/5.3.0/../../../../../H-x86_64-mingw32/nios2-elf/lib\libc.a(lib_a-fclose.o)
                0x000000000000b2f0                fclose
 .text          0x000000000000b304        0x0 c:/intelfpga_lite/18.1/nios2eds/bin/gnu/h-x86_64-mingw32/bin/../lib/gcc/nios2-elf/5.3.0/../../../../../H-x86_64-mingw32/nios2-elf/lib\libc.a(lib_a-fputwc.o)
 .text.__fputwc
                0x000000000000b304      0x164 c:/intelfpga_lite/18.1/nios2eds/bin/gnu/h-x86_64-mingw32/bin/../lib/gcc/nios2-elf/5.3.0/../../../../../H-x86_64-mingw32/nios2-elf/lib\libc.a(lib_a-fputwc.o)
                0x000000000000b304                __fputwc
 .text._fputwc_r
                0x000000000000b468       0x24 c:/intelfpga_lite/18.1/nios2eds/bin/gnu/h-x86_64-mingw32/bin/../lib/gcc/nios2-elf/5.3.0/../../../../../H-x86_64-mingw32/nios2-elf/lib\libc.a(lib_a-fputwc.o)
                0x000000000000b468                _fputwc_r
 .text.fputwc   0x000000000000b48c       0x80 c:/intelfpga_lite/18.1/nios2eds/bin/gnu/h-x86_64-mingw32/bin/../lib/gcc/nios2-elf/5.3.0/../../../../../H-x86_64-mingw32/nios2-elf/lib\libc.a(lib_a-fputwc.o)
                0x000000000000b48c                fputwc
 .text          0x000000000000b50c        0x0 c:/intelfpga_lite/18.1/nios2eds/bin/gnu/h-x86_64-mingw32/bin/../lib/gcc/nios2-elf/5.3.0/../../../../../H-x86_64-mingw32/nios2-elf/lib\libc.a(lib_a-fstatr.o)
 .text._fstat_r
                0x000000000000b50c       0x5c c:/intelfpga_lite/18.1/nios2eds/bin/gnu/h-x86_64-mingw32/bin/../lib/gcc/nios2-elf/5.3.0/../../../../../H-x86_64-mingw32/nios2-elf/lib\libc.a(lib_a-fstatr.o)
                0x000000000000b50c                _fstat_r
 .text          0x000000000000b568        0x0 c:/intelfpga_lite/18.1/nios2eds/bin/gnu/h-x86_64-mingw32/bin/../lib/gcc/nios2-elf/5.3.0/../../../../../H-x86_64-mingw32/nios2-elf/lib\libc.a(lib_a-isattyr.o)
 .text._isatty_r
                0x000000000000b568       0x54 c:/intelfpga_lite/18.1/nios2eds/bin/gnu/h-x86_64-mingw32/bin/../lib/gcc/nios2-elf/5.3.0/../../../../../H-x86_64-mingw32/nios2-elf/lib\libc.a(lib_a-isattyr.o)
                0x000000000000b568                _isatty_r
 .text          0x000000000000b5bc        0x0 c:/intelfpga_lite/18.1/nios2eds/bin/gnu/h-x86_64-mingw32/bin/../lib/gcc/nios2-elf/5.3.0/../../../../../H-x86_64-mingw32/nios2-elf/lib\libc.a(lib_a-lseekr.o)
 .text._lseek_r
                0x000000000000b5bc       0x60 c:/intelfpga_lite/18.1/nios2eds/bin/gnu/h-x86_64-mingw32/bin/../lib/gcc/nios2-elf/5.3.0/../../../../../H-x86_64-mingw32/nios2-elf/lib\libc.a(lib_a-lseekr.o)
                0x000000000000b5bc                _lseek_r
 .text          0x000000000000b61c        0x0 c:/intelfpga_lite/18.1/nios2eds/bin/gnu/h-x86_64-mingw32/bin/../lib/gcc/nios2-elf/5.3.0/../../../../../H-x86_64-mingw32/nios2-elf/lib\libc.a(lib_a-readr.o)
 .text._read_r  0x000000000000b61c       0x60 c:/intelfpga_lite/18.1/nios2eds/bin/gnu/h-x86_64-mingw32/bin/../lib/gcc/nios2-elf/5.3.0/../../../../../H-x86_64-mingw32/nios2-elf/lib\libc.a(lib_a-readr.o)
                0x000000000000b61c                _read_r
 .text          0x000000000000b67c        0x0 c:/intelfpga_lite/18.1/nios2eds/bin/gnu/h-x86_64-mingw32/bin/../lib/gcc/nios2-elf/5.3.0/../../../../../H-x86_64-mingw32/nios2-elf/lib\libc.a(lib_a-wbuf.o)
 .text.__swbuf_r
                0x000000000000b67c      0x140 c:/intelfpga_lite/18.1/nios2eds/bin/gnu/h-x86_64-mingw32/bin/../lib/gcc/nios2-elf/5.3.0/../../../../../H-x86_64-mingw32/nios2-elf/lib\libc.a(lib_a-wbuf.o)
                0x000000000000b67c                __swbuf_r
 .text.__swbuf  0x000000000000b7bc       0x18 c:/intelfpga_lite/18.1/nios2eds/bin/gnu/h-x86_64-mingw32/bin/../lib/gcc/nios2-elf/5.3.0/../../../../../H-x86_64-mingw32/nios2-elf/lib\libc.a(lib_a-wbuf.o)
                0x000000000000b7bc                __swbuf
 .text          0x000000000000b7d4        0x0 c:/intelfpga_lite/18.1/nios2eds/bin/gnu/h-x86_64-mingw32/bin/../lib/gcc/nios2-elf/5.3.0/../../../../../H-x86_64-mingw32/nios2-elf/lib\libc.a(lib_a-wcrtomb.o)
 .text._wcrtomb_r
                0x000000000000b7d4       0x9c c:/intelfpga_lite/18.1/nios2eds/bin/gnu/h-x86_64-mingw32/bin/../lib/gcc/nios2-elf/5.3.0/../../../../../H-x86_64-mingw32/nios2-elf/lib\libc.a(lib_a-wcrtomb.o)
                0x000000000000b7d4                _wcrtomb_r
 .text.wcrtomb  0x000000000000b870       0xc0 c:/intelfpga_lite/18.1/nios2eds/bin/gnu/h-x86_64-mingw32/bin/../lib/gcc/nios2-elf/5.3.0/../../../../../H-x86_64-mingw32/nios2-elf/lib\libc.a(lib_a-wcrtomb.o)
                0x000000000000b870                wcrtomb
 .text          0x000000000000b930        0x0 c:/intelfpga_lite/18.1/nios2eds/bin/gnu/h-x86_64-mingw32/bin/../lib/gcc/nios2-elf/5.3.0/../../../../../H-x86_64-mingw32/nios2-elf/lib\libc.a(lib_a-wctomb_r.o)
 .text.__ascii_wctomb
                0x000000000000b930       0x30 c:/intelfpga_lite/18.1/nios2eds/bin/gnu/h-x86_64-mingw32/bin/../lib/gcc/nios2-elf/5.3.0/../../../../../H-x86_64-mingw32/nios2-elf/lib\libc.a(lib_a-wctomb_r.o)
                0x000000000000b930                __ascii_wctomb
 .text._wctomb_r
                0x000000000000b960       0x5c c:/intelfpga_lite/18.1/nios2eds/bin/gnu/h-x86_64-mingw32/bin/../lib/gcc/nios2-elf/5.3.0/../../../../../H-x86_64-mingw32/nios2-elf/lib\libc.a(lib_a-wctomb_r.o)
                0x000000000000b960                _wctomb_r
 .text          0x000000000000b9bc      0x578 c:/intelfpga_lite/18.1/nios2eds/bin/gnu/h-x86_64-mingw32/bin/../lib/gcc/nios2-elf/5.3.0\libgcc.a(_udivdi3.o)
                0x000000000000b9bc                __udivdi3
 .text          0x000000000000bf34      0x538 c:/intelfpga_lite/18.1/nios2eds/bin/gnu/h-x86_64-mingw32/bin/../lib/gcc/nios2-elf/5.3.0\libgcc.a(_umoddi3.o)
                0x000000000000bf34                __umoddi3
 .text          0x000000000000c46c      0x1b4 c:/intelfpga_lite/18.1/nios2eds/bin/gnu/h-x86_64-mingw32/bin/../lib/gcc/nios2-elf/5.3.0\libgcc.a(lib2-divmod.o)
                0x000000000000c46c                __divsi3
                0x000000000000c4f0                __modsi3
                0x000000000000c564                __udivsi3
                0x000000000000c5c8                __umodsi3
 .text          0x000000000000c620      0x8ac c:/intelfpga_lite/18.1/nios2eds/bin/gnu/h-x86_64-mingw32/bin/../lib/gcc/nios2-elf/5.3.0\libgcc.a(adddf3.o)
                0x000000000000c620                __adddf3
 .text          0x000000000000cecc      0x8e8 c:/intelfpga_lite/18.1/nios2eds/bin/gnu/h-x86_64-mingw32/bin/../lib/gcc/nios2-elf/5.3.0\libgcc.a(divdf3.o)
                0x000000000000cecc                __divdf3
 .text          0x000000000000d7b4       0x88 c:/intelfpga_lite/18.1/nios2eds/bin/gnu/h-x86_64-mingw32/bin/../lib/gcc/nios2-elf/5.3.0\libgcc.a(eqdf2.o)
                0x000000000000d7b4                __nedf2
                0x000000000000d7b4                __eqdf2
 .text          0x000000000000d83c       0xdc c:/intelfpga_lite/18.1/nios2eds/bin/gnu/h-x86_64-mingw32/bin/../lib/gcc/nios2-elf/5.3.0\libgcc.a(gedf2.o)
                0x000000000000d83c                __gedf2
                0x000000000000d83c                __gtdf2
 .text          0x000000000000d918       0xf4 c:/intelfpga_lite/18.1/nios2eds/bin/gnu/h-x86_64-mingw32/bin/../lib/gcc/nios2-elf/5.3.0\libgcc.a(ledf2.o)
                0x000000000000d918                __ledf2
                0x000000000000d918                __ltdf2
 .text          0x000000000000da0c      0x718 c:/intelfpga_lite/18.1/nios2eds/bin/gnu/h-x86_64-mingw32/bin/../lib/gcc/nios2-elf/5.3.0\libgcc.a(muldf3.o)
                0x000000000000da0c                __muldf3
 .text          0x000000000000e124      0x8fc c:/intelfpga_lite/18.1/nios2eds/bin/gnu/h-x86_64-mingw32/bin/../lib/gcc/nios2-elf/5.3.0\libgcc.a(subdf3.o)
                0x000000000000e124                __subdf3
 .text          0x000000000000ea20       0x80 c:/intelfpga_lite/18.1/nios2eds/bin/gnu/h-x86_64-mingw32/bin/../lib/gcc/nios2-elf/5.3.0\libgcc.a(fixdfsi.o)
                0x000000000000ea20                __fixdfsi
 .text          0x000000000000eaa0       0xdc c:/intelfpga_lite/18.1/nios2eds/bin/gnu/h-x86_64-mingw32/bin/../lib/gcc/nios2-elf/5.3.0\libgcc.a(floatsidf.o)
                0x000000000000eaa0                __floatsidf
 .text          0x000000000000eb7c       0xa8 c:/intelfpga_lite/18.1/nios2eds/bin/gnu/h-x86_64-mingw32/bin/../lib/gcc/nios2-elf/5.3.0\libgcc.a(floatunsidf.o)
                0x000000000000eb7c                __floatunsidf
 .text          0x000000000000ec24        0x0 c:/intelfpga_lite/18.1/nios2eds/bin/gnu/h-x86_64-mingw32/bin/../lib/gcc/nios2-elf/5.3.0\libgcc.a(_clz.o)
 .text          0x000000000000ec24       0x64 c:/intelfpga_lite/18.1/nios2eds/bin/gnu/h-x86_64-mingw32/bin/../lib/gcc/nios2-elf/5.3.0\libgcc.a(_clzsi2.o)
                0x000000000000ec24                __clzsi2
 .text          0x000000000000ec88      0x10c C:/Users/minis/Documents/HEIA_FR/Master/Advanced_hardware_design/Sobel_filter_part/mse_demo/software/sobel_bsp/\libhal_bsp.a(alt_close.o)
                0x000000000000ecc4                close
 .text          0x000000000000ed94       0x2c C:/Users/minis/Documents/HEIA_FR/Master/Advanced_hardware_design/Sobel_filter_part/mse_demo/software/sobel_bsp/\libhal_bsp.a(alt_dev.o)
 .text          0x000000000000edc0        0x0 C:/Users/minis/Documents/HEIA_FR/Master/Advanced_hardware_design/Sobel_filter_part/mse_demo/software/sobel_bsp/\libhal_bsp.a(alt_errno.o)
 .text          0x000000000000edc0       0xec C:/Users/minis/Documents/HEIA_FR/Master/Advanced_hardware_design/Sobel_filter_part/mse_demo/software/sobel_bsp/\libhal_bsp.a(alt_fstat.o)
                0x000000000000edfc                fstat
 .text          0x000000000000eeac       0xe0 C:/Users/minis/Documents/HEIA_FR/Master/Advanced_hardware_design/Sobel_filter_part/mse_demo/software/sobel_bsp/\libhal_bsp.a(alt_isatty.o)
                0x000000000000eee8                isatty
 .text          0x000000000000ef8c       0xec C:/Users/minis/Documents/HEIA_FR/Master/Advanced_hardware_design/Sobel_filter_part/mse_demo/software/sobel_bsp/\libhal_bsp.a(alt_load.o)
                0x000000000000eff4                alt_load
 .text          0x000000000000f078      0x110 C:/Users/minis/Documents/HEIA_FR/Master/Advanced_hardware_design/Sobel_filter_part/mse_demo/software/sobel_bsp/\libhal_bsp.a(alt_lseek.o)
                0x000000000000f0b4                lseek
 .text          0x000000000000f188       0x7c C:/Users/minis/Documents/HEIA_FR/Master/Advanced_hardware_design/Sobel_filter_part/mse_demo/software/sobel_bsp/\libhal_bsp.a(alt_main.o)
                0x000000000000f188                alt_main
 .text          0x000000000000f204       0x48 C:/Users/minis/Documents/HEIA_FR/Master/Advanced_hardware_design/Sobel_filter_part/mse_demo/software/sobel_bsp/\libhal_bsp.a(alt_malloc_lock.o)
                0x000000000000f204                __malloc_lock
                0x000000000000f228                __malloc_unlock
 .text          0x000000000000f24c      0x138 C:/Users/minis/Documents/HEIA_FR/Master/Advanced_hardware_design/Sobel_filter_part/mse_demo/software/sobel_bsp/\libhal_bsp.a(alt_read.o)
                0x000000000000f288                read
 .text          0x000000000000f384       0x64 C:/Users/minis/Documents/HEIA_FR/Master/Advanced_hardware_design/Sobel_filter_part/mse_demo/software/sobel_bsp/\libhal_bsp.a(alt_release_fd.o)
                0x000000000000f384                alt_release_fd
 .text          0x000000000000f3e8       0xb0 C:/Users/minis/Documents/HEIA_FR/Master/Advanced_hardware_design/Sobel_filter_part/mse_demo/software/sobel_bsp/\libhal_bsp.a(alt_sbrk.o)
                0x000000000000f3e8                sbrk
 .text          0x000000000000f498       0x78 C:/Users/minis/Documents/HEIA_FR/Master/Advanced_hardware_design/Sobel_filter_part/mse_demo/software/sobel_bsp/\libhal_bsp.a(alt_uncached_malloc.o)
                0x000000000000f498                alt_uncached_malloc
 .text          0x000000000000f510       0x30 C:/Users/minis/Documents/HEIA_FR/Master/Advanced_hardware_design/Sobel_filter_part/mse_demo/software/sobel_bsp/\libhal_bsp.a(alt_usleep.o)
                0x000000000000f510                usleep
 .text          0x000000000000f540      0x134 C:/Users/minis/Documents/HEIA_FR/Master/Advanced_hardware_design/Sobel_filter_part/mse_demo/software/sobel_bsp/\libhal_bsp.a(alt_write.o)
                0x000000000000f57c                write
 .text          0x000000000000f674       0xe8 C:/Users/minis/Documents/HEIA_FR/Master/Advanced_hardware_design/Sobel_filter_part/mse_demo/software/sobel_bsp/\libhal_bsp.a(alt_sys_init.o)
                0x000000000000f6a8                alt_irq_init
                0x000000000000f6e0                alt_sys_init
 .text          0x000000000000f75c      0x164 C:/Users/minis/Documents/HEIA_FR/Master/Advanced_hardware_design/Sobel_filter_part/mse_demo/software/sobel_bsp/\libhal_bsp.a(altera_avalon_jtag_uart_fd.o)
                0x000000000000f75c                altera_avalon_jtag_uart_read_fd
                0x000000000000f7bc                altera_avalon_jtag_uart_write_fd
                0x000000000000f81c                altera_avalon_jtag_uart_close_fd
                0x000000000000f86c                altera_avalon_jtag_uart_ioctl_fd
 .text          0x000000000000f8c0      0x3d4 C:/Users/minis/Documents/HEIA_FR/Master/Advanced_hardware_design/Sobel_filter_part/mse_demo/software/sobel_bsp/\libhal_bsp.a(altera_avalon_jtag_uart_init.o)
                0x000000000000f8c0                altera_avalon_jtag_uart_init
                0x000000000000fc2c                altera_avalon_jtag_uart_close
 .text          0x000000000000fc94       0xf0 C:/Users/minis/Documents/HEIA_FR/Master/Advanced_hardware_design/Sobel_filter_part/mse_demo/software/sobel_bsp/\libhal_bsp.a(altera_avalon_jtag_uart_ioctl.o)
                0x000000000000fc94                altera_avalon_jtag_uart_ioctl
 .text          0x000000000000fd84      0x21c C:/Users/minis/Documents/HEIA_FR/Master/Advanced_hardware_design/Sobel_filter_part/mse_demo/software/sobel_bsp/\libhal_bsp.a(altera_avalon_jtag_uart_read.o)
                0x000000000000fd84                altera_avalon_jtag_uart_read
 .text          0x000000000000ffa0      0x224 C:/Users/minis/Documents/HEIA_FR/Master/Advanced_hardware_design/Sobel_filter_part/mse_demo/software/sobel_bsp/\libhal_bsp.a(altera_avalon_jtag_uart_write.o)
                0x000000000000ffa0                altera_avalon_jtag_uart_write
 .text          0x00000000000101c4       0xf4 C:/Users/minis/Documents/HEIA_FR/Master/Advanced_hardware_design/Sobel_filter_part/mse_demo/software/sobel_bsp/\libhal_bsp.a(altera_avalon_timer_sc.o)
                0x000000000001023c                alt_avalon_timer_sc_init
 .text          0x00000000000102b8      0x118 C:/Users/minis/Documents/HEIA_FR/Master/Advanced_hardware_design/Sobel_filter_part/mse_demo/software/sobel_bsp/\libhal_bsp.a(altera_avalon_timer_ts.o)
                0x00000000000102b8                alt_timestamp_start
                0x0000000000010330                alt_timestamp
                0x00000000000103b0                alt_timestamp_freq
 .text          0x00000000000103d0        0x0 C:/Users/minis/Documents/HEIA_FR/Master/Advanced_hardware_design/Sobel_filter_part/mse_demo/software/sobel_bsp/\libhal_bsp.a(altera_avalon_timer_vars.o)
 .text          0x00000000000103d0      0x12c C:/Users/minis/Documents/HEIA_FR/Master/Advanced_hardware_design/Sobel_filter_part/mse_demo/software/sobel_bsp/\libhal_bsp.a(alt_alarm_start.o)
                0x00000000000103d0                alt_alarm_start
 .text          0x00000000000104fc      0x158 C:/Users/minis/Documents/HEIA_FR/Master/Advanced_hardware_design/Sobel_filter_part/mse_demo/software/sobel_bsp/\libhal_bsp.a(alt_busy_sleep.o)
                0x00000000000104fc                alt_busy_sleep
 .text          0x0000000000010654       0x78 C:/Users/minis/Documents/HEIA_FR/Master/Advanced_hardware_design/Sobel_filter_part/mse_demo/software/sobel_bsp/\libhal_bsp.a(alt_dcache_flush.o)
                0x0000000000010654                alt_dcache_flush
 .text          0x00000000000106cc       0x48 C:/Users/minis/Documents/HEIA_FR/Master/Advanced_hardware_design/Sobel_filter_part/mse_demo/software/sobel_bsp/\libhal_bsp.a(alt_dcache_flush_all.o)
                0x00000000000106cc                alt_dcache_flush_all
 .text          0x0000000000010714       0xe0 C:/Users/minis/Documents/HEIA_FR/Master/Advanced_hardware_design/Sobel_filter_part/mse_demo/software/sobel_bsp/\libhal_bsp.a(alt_dev_llist_insert.o)
                0x0000000000010750                alt_dev_llist_insert
 .text          0x00000000000107f4       0x60 C:/Users/minis/Documents/HEIA_FR/Master/Advanced_hardware_design/Sobel_filter_part/mse_demo/software/sobel_bsp/\libhal_bsp.a(alt_do_ctors.o)
                0x00000000000107f4                _do_ctors
 .text          0x0000000000010854       0x60 C:/Users/minis/Documents/HEIA_FR/Master/Advanced_hardware_design/Sobel_filter_part/mse_demo/software/sobel_bsp/\libhal_bsp.a(alt_do_dtors.o)
                0x0000000000010854                _do_dtors
 .text          0x00000000000108b4       0x34 C:/Users/minis/Documents/HEIA_FR/Master/Advanced_hardware_design/Sobel_filter_part/mse_demo/software/sobel_bsp/\libhal_bsp.a(alt_icache_flush_all.o)
                0x00000000000108b4                alt_icache_flush_all
 .text          0x00000000000108e8      0x1b0 C:/Users/minis/Documents/HEIA_FR/Master/Advanced_hardware_design/Sobel_filter_part/mse_demo/software/sobel_bsp/\libhal_bsp.a(alt_iic.o)
                0x00000000000108e8                alt_ic_isr_register
                0x0000000000010938                alt_ic_irq_enable
                0x00000000000109c0                alt_ic_irq_disable
                0x0000000000010a4c                alt_ic_irq_enabled
 .text          0x0000000000010a98       0xf0 C:/Users/minis/Documents/HEIA_FR/Master/Advanced_hardware_design/Sobel_filter_part/mse_demo/software/sobel_bsp/\libhal_bsp.a(alt_iic_isr_register.o)
                0x0000000000010a98                alt_iic_isr_register
 .text          0x0000000000010b88      0x140 C:/Users/minis/Documents/HEIA_FR/Master/Advanced_hardware_design/Sobel_filter_part/mse_demo/software/sobel_bsp/\libhal_bsp.a(alt_io_redirect.o)
                0x0000000000010c4c                alt_io_redirect
 .text          0x0000000000010cc8        0x0 C:/Users/minis/Documents/HEIA_FR/Master/Advanced_hardware_design/Sobel_filter_part/mse_demo/software/sobel_bsp/\libhal_bsp.a(alt_irq_entry.o)
 .text          0x0000000000010cc8        0x0 C:/Users/minis/Documents/HEIA_FR/Master/Advanced_hardware_design/Sobel_filter_part/mse_demo/software/sobel_bsp/\libhal_bsp.a(alt_irq_handler.o)
 .text          0x0000000000010cc8        0x0 C:/Users/minis/Documents/HEIA_FR/Master/Advanced_hardware_design/Sobel_filter_part/mse_demo/software/sobel_bsp/\libhal_bsp.a(alt_irq_vars.o)
 .text          0x0000000000010cc8      0x254 C:/Users/minis/Documents/HEIA_FR/Master/Advanced_hardware_design/Sobel_filter_part/mse_demo/software/sobel_bsp/\libhal_bsp.a(alt_open.o)
                0x0000000000010dc8                open
 .text          0x0000000000010f1c      0x1a4 C:/Users/minis/Documents/HEIA_FR/Master/Advanced_hardware_design/Sobel_filter_part/mse_demo/software/sobel_bsp/\libhal_bsp.a(alt_tick.o)
                0x0000000000010f1c                alt_alarm_stop
                0x0000000000010fb8                alt_tick
 .text          0x00000000000110c0       0x24 C:/Users/minis/Documents/HEIA_FR/Master/Advanced_hardware_design/Sobel_filter_part/mse_demo/software/sobel_bsp/\libhal_bsp.a(altera_nios2_gen2_irq.o)
                0x00000000000110c0                altera_nios2_gen2_irq_init
 .text          0x00000000000110e4        0x0 C:/Users/minis/Documents/HEIA_FR/Master/Advanced_hardware_design/Sobel_filter_part/mse_demo/software/sobel_bsp/\libhal_bsp.a(alt_exception_entry.o)
 .text          0x00000000000110e4       0x90 C:/Users/minis/Documents/HEIA_FR/Master/Advanced_hardware_design/Sobel_filter_part/mse_demo/software/sobel_bsp/\libhal_bsp.a(alt_find_dev.o)
                0x00000000000110e4                alt_find_dev
 .text          0x0000000000011174      0x108 C:/Users/minis/Documents/HEIA_FR/Master/Advanced_hardware_design/Sobel_filter_part/mse_demo/software/sobel_bsp/\libhal_bsp.a(alt_find_file.o)
                0x0000000000011174                alt_find_file
 .text          0x000000000001127c       0xa4 C:/Users/minis/Documents/HEIA_FR/Master/Advanced_hardware_design/Sobel_filter_part/mse_demo/software/sobel_bsp/\libhal_bsp.a(alt_get_fd.o)
                0x000000000001127c                alt_get_fd
 .text          0x0000000000011320       0x90 C:/Users/minis/Documents/HEIA_FR/Master/Advanced_hardware_design/Sobel_filter_part/mse_demo/software/sobel_bsp/\libhal_bsp.a(alt_icache_flush.o)
                0x0000000000011320                alt_icache_flush
 .text          0x00000000000113b0       0x9c C:/Users/minis/Documents/HEIA_FR/Master/Advanced_hardware_design/Sobel_filter_part/mse_demo/software/sobel_bsp/\libhal_bsp.a(alt_instruction_exception_entry.o)
                0x00000000000113b0                alt_exception_cause_generated_bad_addr
 .text          0x000000000001144c        0x0 c:/intelfpga_lite/18.1/nios2eds/bin/gnu/h-x86_64-mingw32/bin/../lib/gcc/nios2-elf/5.3.0/../../../../../H-x86_64-mingw32/nios2-elf/lib\libc.a(lib_a-atexit.o)
 .text.atexit   0x000000000001144c       0x14 c:/intelfpga_lite/18.1/nios2eds/bin/gnu/h-x86_64-mingw32/bin/../lib/gcc/nios2-elf/5.3.0/../../../../../H-x86_64-mingw32/nios2-elf/lib\libc.a(lib_a-atexit.o)
                0x000000000001144c                atexit
 .text          0x0000000000011460        0x0 c:/intelfpga_lite/18.1/nios2eds/bin/gnu/h-x86_64-mingw32/bin/../lib/gcc/nios2-elf/5.3.0/../../../../../H-x86_64-mingw32/nios2-elf/lib\libc.a(lib_a-exit.o)
 .text.exit     0x0000000000011460       0x38 c:/intelfpga_lite/18.1/nios2eds/bin/gnu/h-x86_64-mingw32/bin/../lib/gcc/nios2-elf/5.3.0/../../../../../H-x86_64-mingw32/nios2-elf/lib\libc.a(lib_a-exit.o)
                0x0000000000011460                exit
 .text          0x0000000000011498        0x0 c:/intelfpga_lite/18.1/nios2eds/bin/gnu/h-x86_64-mingw32/bin/../lib/gcc/nios2-elf/5.3.0/../../../../../H-x86_64-mingw32/nios2-elf/lib\libc.a(lib_a-malign.o)
 .text.memalign
                0x0000000000011498       0x18 c:/intelfpga_lite/18.1/nios2eds/bin/gnu/h-x86_64-mingw32/bin/../lib/gcc/nios2-elf/5.3.0/../../../../../H-x86_64-mingw32/nios2-elf/lib\libc.a(lib_a-malign.o)
                0x0000000000011498                memalign
 .text          0x00000000000114b0        0x0 c:/intelfpga_lite/18.1/nios2eds/bin/gnu/h-x86_64-mingw32/bin/../lib/gcc/nios2-elf/5.3.0/../../../../../H-x86_64-mingw32/nios2-elf/lib\libc.a(lib_a-malignr.o)
 .text._memalign_r
                0x00000000000114b0      0x198 c:/intelfpga_lite/18.1/nios2eds/bin/gnu/h-x86_64-mingw32/bin/../lib/gcc/nios2-elf/5.3.0/../../../../../H-x86_64-mingw32/nios2-elf/lib\libc.a(lib_a-malignr.o)
                0x00000000000114b0                _memalign_r
 .text          0x0000000000011648        0x0 c:/intelfpga_lite/18.1/nios2eds/bin/gnu/h-x86_64-mingw32/bin/../lib/gcc/nios2-elf/5.3.0/../../../../../H-x86_64-mingw32/nios2-elf/lib\libc.a(lib_a-memcmp.o)
 .text.memcmp   0x0000000000011648       0x7c c:/intelfpga_lite/18.1/nios2eds/bin/gnu/h-x86_64-mingw32/bin/../lib/gcc/nios2-elf/5.3.0/../../../../../H-x86_64-mingw32/nios2-elf/lib\libc.a(lib_a-memcmp.o)
                0x0000000000011648                memcmp
 .text          0x00000000000116c4        0x0 c:/intelfpga_lite/18.1/nios2eds/bin/gnu/h-x86_64-mingw32/bin/../lib/gcc/nios2-elf/5.3.0/../../../../../H-x86_64-mingw32/nios2-elf/lib\libc.a(lib_a-__atexit.o)
 .text.__register_exitproc
                0x00000000000116c4      0x118 c:/intelfpga_lite/18.1/nios2eds/bin/gnu/h-x86_64-mingw32/bin/../lib/gcc/nios2-elf/5.3.0/../../../../../H-x86_64-mingw32/nios2-elf/lib\libc.a(lib_a-__atexit.o)
                0x00000000000116c4                __register_exitproc
 .text          0x00000000000117dc        0x0 c:/intelfpga_lite/18.1/nios2eds/bin/gnu/h-x86_64-mingw32/bin/../lib/gcc/nios2-elf/5.3.0/../../../../../H-x86_64-mingw32/nios2-elf/lib\libc.a(lib_a-__call_atexit.o)
 .text.__call_exitprocs
                0x00000000000117dc      0x180 c:/intelfpga_lite/18.1/nios2eds/bin/gnu/h-x86_64-mingw32/bin/../lib/gcc/nios2-elf/5.3.0/../../../../../H-x86_64-mingw32/nios2-elf/lib\libc.a(lib_a-__call_atexit.o)
                0x00000000000117dc                __call_exitprocs
 .text          0x000000000001195c       0x34 C:/Users/minis/Documents/HEIA_FR/Master/Advanced_hardware_design/Sobel_filter_part/mse_demo/software/sobel_bsp/\libhal_bsp.a(alt_exit.o)
                0x000000000001195c                _exit
 *(.gnu.warning.*)
 *(.fini)
                [!provide]                        PROVIDE (__etext, ABSOLUTE (.))
                [!provide]                        PROVIDE (_etext, ABSOLUTE (.))
                [!provide]                        PROVIDE (etext, ABSOLUTE (.))
 *(.eh_frame_hdr)
                0x0000000000011990                . = ALIGN (0x4)
                [!provide]                        PROVIDE (__preinit_array_start, ABSOLUTE (.))
 *(.preinit_array)
                [!provide]                        PROVIDE (__preinit_array_end, ABSOLUTE (.))
                [!provide]                        PROVIDE (__init_array_start, ABSOLUTE (.))
 *(.init_array)
                [!provide]                        PROVIDE (__init_array_end, ABSOLUTE (.))
                [!provide]                        PROVIDE (__fini_array_start, ABSOLUTE (.))
 *(.fini_array)
                [!provide]                        PROVIDE (__fini_array_end, ABSOLUTE (.))
 *(.eh_frame)
 *(.gcc_except_table .gcc_except_table.*)
 *(.dynamic)
                0x0000000000011990                PROVIDE (__CTOR_LIST__, ABSOLUTE (.))
 *(.ctors)
 *(SORT(.ctors.*))
                0x0000000000011990                PROVIDE (__CTOR_END__, ABSOLUTE (.))
                0x0000000000011990                PROVIDE (__DTOR_LIST__, ABSOLUTE (.))
 *(.dtors)
 *(SORT(.dtors.*))
                0x0000000000011990                PROVIDE (__DTOR_END__, ABSOLUTE (.))
 *(.jcr)
                0x0000000000011990                . = ALIGN (0x4)

.rodata         0x0000000000011990      0x820
                0x0000000000011990                PROVIDE (__ram_rodata_start, ABSOLUTE (.))
                0x0000000000011990                . = ALIGN (0x4)
 *(.rodata .rodata.* .gnu.linkonce.r.*)
 .rodata.str1.4
                0x0000000000011990       0x60 obj/default/camera.o
 .rodata        0x00000000000119f0      0x380 obj/default/camera.o
                0x00000000000119f0                lens_roll_off_tbl
                0x0000000000011b18                noise_reduction_reg_settings_array
                0x0000000000011c58                preview_snapshot_mode_reg_settings_array
 .rodata.str1.4
                0x0000000000011d70       0x47 obj/default/i2c.o
 *fill*         0x0000000000011db7        0x1 
 .rodata.str1.4
                0x0000000000011db8       0xc1 obj/default/main.o
 *fill*         0x0000000000011e79        0x3 
 .rodata.str1.4
                0x0000000000011e7c       0x2e obj/default/sobel.o
 .rodata        0x0000000000011eaa       0x12 obj/default/sobel.o
                0x0000000000011eaa                gy_array
                0x0000000000011eb3                gx_array
 .rodata.str1.4
                0x0000000000011ebc       0x2e c:/intelfpga_lite/18.1/nios2eds/bin/gnu/h-x86_64-mingw32/bin/../lib/gcc/nios2-elf/5.3.0/../../../../../H-x86_64-mingw32/nios2-elf/lib\libc.a(lib_a-puts.o)
                                          0x2 (size before relaxing)
 .rodata.str1.4
                0x0000000000011ebc       0x42 c:/intelfpga_lite/18.1/nios2eds/bin/gnu/h-x86_64-mingw32/bin/../lib/gcc/nios2-elf/5.3.0/../../../../../H-x86_64-mingw32/nios2-elf/lib\libc.a(lib_a-vfprintf.o)
 .rodata.zeroes.4404
                0x0000000000011efe       0x10 c:/intelfpga_lite/18.1/nios2eds/bin/gnu/h-x86_64-mingw32/bin/../lib/gcc/nios2-elf/5.3.0/../../../../../H-x86_64-mingw32/nios2-elf/lib\libc.a(lib_a-vfprintf.o)
 .rodata.blanks.4403
                0x0000000000011f0e       0x10 c:/intelfpga_lite/18.1/nios2eds/bin/gnu/h-x86_64-mingw32/bin/../lib/gcc/nios2-elf/5.3.0/../../../../../H-x86_64-mingw32/nios2-elf/lib\libc.a(lib_a-vfprintf.o)
 *fill*         0x0000000000011f1e        0x2 
 .rodata.str1.4
                0x0000000000011f20       0x10 c:/intelfpga_lite/18.1/nios2eds/bin/gnu/h-x86_64-mingw32/bin/../lib/gcc/nios2-elf/5.3.0/../../../../../H-x86_64-mingw32/nios2-elf/lib\libc.a(lib_a-dtoa.o)
                                         0x12 (size before relaxing)
 .rodata.str1.4
                0x0000000000011f30        0x2 c:/intelfpga_lite/18.1/nios2eds/bin/gnu/h-x86_64-mingw32/bin/../lib/gcc/nios2-elf/5.3.0/../../../../../H-x86_64-mingw32/nios2-elf/lib\libc.a(lib_a-impure.o)
 *fill*         0x0000000000011f32        0x2 
 .rodata.str1.4
                0x0000000000011f34        0xc c:/intelfpga_lite/18.1/nios2eds/bin/gnu/h-x86_64-mingw32/bin/../lib/gcc/nios2-elf/5.3.0/../../../../../H-x86_64-mingw32/nios2-elf/lib\libc.a(lib_a-locale.o)
                                         0x12 (size before relaxing)
 .rodata.p05.2768
                0x0000000000011f40        0xc c:/intelfpga_lite/18.1/nios2eds/bin/gnu/h-x86_64-mingw32/bin/../lib/gcc/nios2-elf/5.3.0/../../../../../H-x86_64-mingw32/nios2-elf/lib\libc.a(lib_a-mprec.o)
 .rodata.__mprec_tinytens
                0x0000000000011f4c       0x28 c:/intelfpga_lite/18.1/nios2eds/bin/gnu/h-x86_64-mingw32/bin/../lib/gcc/nios2-elf/5.3.0/../../../../../H-x86_64-mingw32/nios2-elf/lib\libc.a(lib_a-mprec.o)
                0x0000000000011f4c                __mprec_tinytens
 .rodata.__mprec_bigtens
                0x0000000000011f74       0x28 c:/intelfpga_lite/18.1/nios2eds/bin/gnu/h-x86_64-mingw32/bin/../lib/gcc/nios2-elf/5.3.0/../../../../../H-x86_64-mingw32/nios2-elf/lib\libc.a(lib_a-mprec.o)
                0x0000000000011f74                __mprec_bigtens
 .rodata.__mprec_tens
                0x0000000000011f9c       0xc8 c:/intelfpga_lite/18.1/nios2eds/bin/gnu/h-x86_64-mingw32/bin/../lib/gcc/nios2-elf/5.3.0/../../../../../H-x86_64-mingw32/nios2-elf/lib\libc.a(lib_a-mprec.o)
                0x0000000000011f9c                __mprec_tens
 .rodata.str1.4
                0x0000000000012064       0x2f c:/intelfpga_lite/18.1/nios2eds/bin/gnu/h-x86_64-mingw32/bin/../lib/gcc/nios2-elf/5.3.0/../../../../../H-x86_64-mingw32/nios2-elf/lib\libc.a(lib_a-vfiprintf.o)
 .rodata.zeroes.4349
                0x0000000000012064       0x10 c:/intelfpga_lite/18.1/nios2eds/bin/gnu/h-x86_64-mingw32/bin/../lib/gcc/nios2-elf/5.3.0/../../../../../H-x86_64-mingw32/nios2-elf/lib\libc.a(lib_a-vfiprintf.o)
 .rodata.blanks.4348
                0x0000000000012074       0x10 c:/intelfpga_lite/18.1/nios2eds/bin/gnu/h-x86_64-mingw32/bin/../lib/gcc/nios2-elf/5.3.0/../../../../../H-x86_64-mingw32/nios2-elf/lib\libc.a(lib_a-vfiprintf.o)
 .rodata        0x0000000000012084      0x100 c:/intelfpga_lite/18.1/nios2eds/bin/gnu/h-x86_64-mingw32/bin/../lib/gcc/nios2-elf/5.3.0\libgcc.a(_clz.o)
                0x0000000000012084                __clz_tab
 .rodata        0x0000000000012184        0xa C:/Users/minis/Documents/HEIA_FR/Master/Advanced_hardware_design/Sobel_filter_part/mse_demo/software/sobel_bsp/\libhal_bsp.a(alt_dev.o)
 *fill*         0x000000000001218e        0x2 
 .rodata        0x0000000000012190        0xf C:/Users/minis/Documents/HEIA_FR/Master/Advanced_hardware_design/Sobel_filter_part/mse_demo/software/sobel_bsp/\libhal_bsp.a(alt_main.o)
 *fill*         0x000000000001219f        0x1 
 .rodata        0x00000000000121a0        0xf C:/Users/minis/Documents/HEIA_FR/Master/Advanced_hardware_design/Sobel_filter_part/mse_demo/software/sobel_bsp/\libhal_bsp.a(alt_sys_init.o)
 *(.rodata1)
                0x00000000000121b0                . = ALIGN (0x4)
 *fill*         0x00000000000121af        0x1 
                0x00000000000121b0                PROVIDE (__ram_rodata_end, ABSOLUTE (.))
                0x0000000000011990                PROVIDE (__flash_rodata_start, LOADADDR (.rodata))

.rwdata         0x00000000000121b0     0x1b00 load address 0x0000000000013cb0
                0x00000000000121b0                PROVIDE (__ram_rwdata_start, ABSOLUTE (.))
                0x00000000000121b0                . = ALIGN (0x4)
 *(.got.plt)
 *(.got)
 *(.data1)
 *(.data .data.* .gnu.linkonce.d.*)
 .data          0x00000000000121b0        0x0 C:/Users/minis/Documents/HEIA_FR/Master/Advanced_hardware_design/Sobel_filter_part/mse_demo/software/sobel_bsp//obj/HAL/src/crt0.o
 .data          0x00000000000121b0        0x0 obj/default/camera.o
 .data          0x00000000000121b0        0x0 obj/default/dipswitch.o
 .data          0x00000000000121b0        0x0 obj/default/grayscale.o
 .data          0x00000000000121b0        0x0 obj/default/i2c.o
 .data          0x00000000000121b0        0x0 obj/default/lcd_simple.o
 .data          0x00000000000121b0        0x0 obj/default/main.o
 .data          0x00000000000121b0        0x0 obj/default/sobel.o
 .data          0x00000000000121b0        0x0 obj/default/vga.o
 .data          0x00000000000121b0        0x0 c:/intelfpga_lite/18.1/nios2eds/bin/gnu/h-x86_64-mingw32/bin/../lib/gcc/nios2-elf/5.3.0/../../../../../H-x86_64-mingw32/nios2-elf/lib\libc.a(lib_a-malloc.o)
 .data          0x00000000000121b0        0x0 c:/intelfpga_lite/18.1/nios2eds/bin/gnu/h-x86_64-mingw32/bin/../lib/gcc/nios2-elf/5.3.0/../../../../../H-x86_64-mingw32/nios2-elf/lib\libc.a(lib_a-mallocr.o)
 .data.__malloc_av_
                0x00000000000121b0      0x408 c:/intelfpga_lite/18.1/nios2eds/bin/gnu/h-x86_64-mingw32/bin/../lib/gcc/nios2-elf/5.3.0/../../../../../H-x86_64-mingw32/nios2-elf/lib\libc.a(lib_a-mallocr.o)
                0x00000000000121b0                __malloc_av_
 .data          0x00000000000125b8        0x0 c:/intelfpga_lite/18.1/nios2eds/bin/gnu/h-x86_64-mingw32/bin/../lib/gcc/nios2-elf/5.3.0/../../../../../H-x86_64-mingw32/nios2-elf/lib\libc.a(lib_a-memset.o)
 .data          0x00000000000125b8        0x0 c:/intelfpga_lite/18.1/nios2eds/bin/gnu/h-x86_64-mingw32/bin/../lib/gcc/nios2-elf/5.3.0/../../../../../H-x86_64-mingw32/nios2-elf/lib\libc.a(lib_a-printf.o)
 .data          0x00000000000125b8        0x0 c:/intelfpga_lite/18.1/nios2eds/bin/gnu/h-x86_64-mingw32/bin/../lib/gcc/nios2-elf/5.3.0/../../../../../H-x86_64-mingw32/nios2-elf/lib\libc.a(lib_a-puts.o)
 .data          0x00000000000125b8        0x0 c:/intelfpga_lite/18.1/nios2eds/bin/gnu/h-x86_64-mingw32/bin/../lib/gcc/nios2-elf/5.3.0/../../../../../H-x86_64-mingw32/nios2-elf/lib\libc.a(lib_a-sbrkr.o)
 .data          0x00000000000125b8        0x0 c:/intelfpga_lite/18.1/nios2eds/bin/gnu/h-x86_64-mingw32/bin/../lib/gcc/nios2-elf/5.3.0/../../../../../H-x86_64-mingw32/nios2-elf/lib\libc.a(lib_a-strlen.o)
 .data          0x00000000000125b8        0x0 c:/intelfpga_lite/18.1/nios2eds/bin/gnu/h-x86_64-mingw32/bin/../lib/gcc/nios2-elf/5.3.0/../../../../../H-x86_64-mingw32/nios2-elf/lib\libc.a(lib_a-vfprintf.o)
 .data          0x00000000000125b8        0x0 c:/intelfpga_lite/18.1/nios2eds/bin/gnu/h-x86_64-mingw32/bin/../lib/gcc/nios2-elf/5.3.0/../../../../../H-x86_64-mingw32/nios2-elf/lib\libc.a(lib_a-wsetup.o)
 .data          0x00000000000125b8        0x0 c:/intelfpga_lite/18.1/nios2eds/bin/gnu/h-x86_64-mingw32/bin/../lib/gcc/nios2-elf/5.3.0/../../../../../H-x86_64-mingw32/nios2-elf/lib\libc.a(lib_a-dtoa.o)
 .data          0x00000000000125b8        0x0 c:/intelfpga_lite/18.1/nios2eds/bin/gnu/h-x86_64-mingw32/bin/../lib/gcc/nios2-elf/5.3.0/../../../../../H-x86_64-mingw32/nios2-elf/lib\libc.a(lib_a-fflush.o)
 .data          0x00000000000125b8        0x0 c:/intelfpga_lite/18.1/nios2eds/bin/gnu/h-x86_64-mingw32/bin/../lib/gcc/nios2-elf/5.3.0/../../../../../H-x86_64-mingw32/nios2-elf/lib\libc.a(lib_a-findfp.o)
 .data          0x00000000000125b8        0x0 c:/intelfpga_lite/18.1/nios2eds/bin/gnu/h-x86_64-mingw32/bin/../lib/gcc/nios2-elf/5.3.0/../../../../../H-x86_64-mingw32/nios2-elf/lib\libc.a(lib_a-freer.o)
 .data          0x00000000000125b8        0x0 c:/intelfpga_lite/18.1/nios2eds/bin/gnu/h-x86_64-mingw32/bin/../lib/gcc/nios2-elf/5.3.0/../../../../../H-x86_64-mingw32/nios2-elf/lib\libc.a(lib_a-fvwrite.o)
 .data          0x00000000000125b8        0x0 c:/intelfpga_lite/18.1/nios2eds/bin/gnu/h-x86_64-mingw32/bin/../lib/gcc/nios2-elf/5.3.0/../../../../../H-x86_64-mingw32/nios2-elf/lib\libc.a(lib_a-fwalk.o)
 .data          0x00000000000125b8        0x0 c:/intelfpga_lite/18.1/nios2eds/bin/gnu/h-x86_64-mingw32/bin/../lib/gcc/nios2-elf/5.3.0/../../../../../H-x86_64-mingw32/nios2-elf/lib\libc.a(lib_a-impure.o)
 .data.impure_data
                0x00000000000125b8      0x424 c:/intelfpga_lite/18.1/nios2eds/bin/gnu/h-x86_64-mingw32/bin/../lib/gcc/nios2-elf/5.3.0/../../../../../H-x86_64-mingw32/nios2-elf/lib\libc.a(lib_a-impure.o)
 .data          0x00000000000129dc        0x0 c:/intelfpga_lite/18.1/nios2eds/bin/gnu/h-x86_64-mingw32/bin/../lib/gcc/nios2-elf/5.3.0/../../../../../H-x86_64-mingw32/nios2-elf/lib\libc.a(lib_a-int_errno.o)
 .data          0x00000000000129dc        0x0 c:/intelfpga_lite/18.1/nios2eds/bin/gnu/h-x86_64-mingw32/bin/../lib/gcc/nios2-elf/5.3.0/../../../../../H-x86_64-mingw32/nios2-elf/lib\libc.a(lib_a-locale.o)
 .data.lc_message_charset
                0x00000000000129dc       0x20 c:/intelfpga_lite/18.1/nios2eds/bin/gnu/h-x86_64-mingw32/bin/../lib/gcc/nios2-elf/5.3.0/../../../../../H-x86_64-mingw32/nios2-elf/lib\libc.a(lib_a-locale.o)
 .data.lc_ctype_charset
                0x00000000000129fc       0x20 c:/intelfpga_lite/18.1/nios2eds/bin/gnu/h-x86_64-mingw32/bin/../lib/gcc/nios2-elf/5.3.0/../../../../../H-x86_64-mingw32/nios2-elf/lib\libc.a(lib_a-locale.o)
 .data.lconv    0x0000000000012a1c       0x38 c:/intelfpga_lite/18.1/nios2eds/bin/gnu/h-x86_64-mingw32/bin/../lib/gcc/nios2-elf/5.3.0/../../../../../H-x86_64-mingw32/nios2-elf/lib\libc.a(lib_a-locale.o)
 .data          0x0000000000012a54        0x0 c:/intelfpga_lite/18.1/nios2eds/bin/gnu/h-x86_64-mingw32/bin/../lib/gcc/nios2-elf/5.3.0/../../../../../H-x86_64-mingw32/nios2-elf/lib\libc.a(lib_a-makebuf.o)
 .data          0x0000000000012a54        0x0 c:/intelfpga_lite/18.1/nios2eds/bin/gnu/h-x86_64-mingw32/bin/../lib/gcc/nios2-elf/5.3.0/../../../../../H-x86_64-mingw32/nios2-elf/lib\libc.a(lib_a-memchr.o)
 .data          0x0000000000012a54        0x0 c:/intelfpga_lite/18.1/nios2eds/bin/gnu/h-x86_64-mingw32/bin/../lib/gcc/nios2-elf/5.3.0/../../../../../H-x86_64-mingw32/nios2-elf/lib\libc.a(lib_a-memcpy.o)
 .data          0x0000000000012a54        0x0 c:/intelfpga_lite/18.1/nios2eds/bin/gnu/h-x86_64-mingw32/bin/../lib/gcc/nios2-elf/5.3.0/../../../../../H-x86_64-mingw32/nios2-elf/lib\libc.a(lib_a-memmove.o)
 .data          0x0000000000012a54        0x0 c:/intelfpga_lite/18.1/nios2eds/bin/gnu/h-x86_64-mingw32/bin/../lib/gcc/nios2-elf/5.3.0/../../../../../H-x86_64-mingw32/nios2-elf/lib\libc.a(lib_a-mprec.o)
 .data          0x0000000000012a54        0x0 c:/intelfpga_lite/18.1/nios2eds/bin/gnu/h-x86_64-mingw32/bin/../lib/gcc/nios2-elf/5.3.0/../../../../../H-x86_64-mingw32/nios2-elf/lib\libc.a(lib_a-reallocr.o)
 .data          0x0000000000012a54        0x0 c:/intelfpga_lite/18.1/nios2eds/bin/gnu/h-x86_64-mingw32/bin/../lib/gcc/nios2-elf/5.3.0/../../../../../H-x86_64-mingw32/nios2-elf/lib\libc.a(lib_a-s_fpclassify.o)
 .data          0x0000000000012a54        0x0 c:/intelfpga_lite/18.1/nios2eds/bin/gnu/h-x86_64-mingw32/bin/../lib/gcc/nios2-elf/5.3.0/../../../../../H-x86_64-mingw32/nios2-elf/lib\libc.a(lib_a-stdio.o)
 .data          0x0000000000012a54        0x0 c:/intelfpga_lite/18.1/nios2eds/bin/gnu/h-x86_64-mingw32/bin/../lib/gcc/nios2-elf/5.3.0/../../../../../H-x86_64-mingw32/nios2-elf/lib\libc.a(lib_a-strcmp.o)
 .data          0x0000000000012a54        0x0 c:/intelfpga_lite/18.1/nios2eds/bin/gnu/h-x86_64-mingw32/bin/../lib/gcc/nios2-elf/5.3.0/../../../../../H-x86_64-mingw32/nios2-elf/lib\libc.a(lib_a-vfiprintf.o)
 .data          0x0000000000012a54        0x0 c:/intelfpga_lite/18.1/nios2eds/bin/gnu/h-x86_64-mingw32/bin/../lib/gcc/nios2-elf/5.3.0/../../../../../H-x86_64-mingw32/nios2-elf/lib\libc.a(lib_a-writer.o)
 .data          0x0000000000012a54        0x0 c:/intelfpga_lite/18.1/nios2eds/bin/gnu/h-x86_64-mingw32/bin/../lib/gcc/nios2-elf/5.3.0/../../../../../H-x86_64-mingw32/nios2-elf/lib\libc.a(closer.o)
 .data          0x0000000000012a54        0x0 c:/intelfpga_lite/18.1/nios2eds/bin/gnu/h-x86_64-mingw32/bin/../lib/gcc/nios2-elf/5.3.0/../../../../../H-x86_64-mingw32/nios2-elf/lib\libc.a(lib_a-callocr.o)
 .data          0x0000000000012a54        0x0 c:/intelfpga_lite/18.1/nios2eds/bin/gnu/h-x86_64-mingw32/bin/../lib/gcc/nios2-elf/5.3.0/../../../../../H-x86_64-mingw32/nios2-elf/lib\libc.a(lib_a-fclose.o)
 .data          0x0000000000012a54        0x0 c:/intelfpga_lite/18.1/nios2eds/bin/gnu/h-x86_64-mingw32/bin/../lib/gcc/nios2-elf/5.3.0/../../../../../H-x86_64-mingw32/nios2-elf/lib\libc.a(lib_a-fputwc.o)
 .data          0x0000000000012a54        0x0 c:/intelfpga_lite/18.1/nios2eds/bin/gnu/h-x86_64-mingw32/bin/../lib/gcc/nios2-elf/5.3.0/../../../../../H-x86_64-mingw32/nios2-elf/lib\libc.a(lib_a-fstatr.o)
 .data          0x0000000000012a54        0x0 c:/intelfpga_lite/18.1/nios2eds/bin/gnu/h-x86_64-mingw32/bin/../lib/gcc/nios2-elf/5.3.0/../../../../../H-x86_64-mingw32/nios2-elf/lib\libc.a(lib_a-isattyr.o)
 .data          0x0000000000012a54        0x0 c:/intelfpga_lite/18.1/nios2eds/bin/gnu/h-x86_64-mingw32/bin/../lib/gcc/nios2-elf/5.3.0/../../../../../H-x86_64-mingw32/nios2-elf/lib\libc.a(lib_a-lseekr.o)
 .data          0x0000000000012a54        0x0 c:/intelfpga_lite/18.1/nios2eds/bin/gnu/h-x86_64-mingw32/bin/../lib/gcc/nios2-elf/5.3.0/../../../../../H-x86_64-mingw32/nios2-elf/lib\libc.a(lib_a-readr.o)
 .data          0x0000000000012a54        0x0 c:/intelfpga_lite/18.1/nios2eds/bin/gnu/h-x86_64-mingw32/bin/../lib/gcc/nios2-elf/5.3.0/../../../../../H-x86_64-mingw32/nios2-elf/lib\libc.a(lib_a-wbuf.o)
 .data          0x0000000000012a54        0x0 c:/intelfpga_lite/18.1/nios2eds/bin/gnu/h-x86_64-mingw32/bin/../lib/gcc/nios2-elf/5.3.0/../../../../../H-x86_64-mingw32/nios2-elf/lib\libc.a(lib_a-wcrtomb.o)
 .data          0x0000000000012a54        0x0 c:/intelfpga_lite/18.1/nios2eds/bin/gnu/h-x86_64-mingw32/bin/../lib/gcc/nios2-elf/5.3.0/../../../../../H-x86_64-mingw32/nios2-elf/lib\libc.a(lib_a-wctomb_r.o)
 .data          0x0000000000012a54        0x0 c:/intelfpga_lite/18.1/nios2eds/bin/gnu/h-x86_64-mingw32/bin/../lib/gcc/nios2-elf/5.3.0\libgcc.a(_udivdi3.o)
 .data          0x0000000000012a54        0x0 c:/intelfpga_lite/18.1/nios2eds/bin/gnu/h-x86_64-mingw32/bin/../lib/gcc/nios2-elf/5.3.0\libgcc.a(_umoddi3.o)
 .data          0x0000000000012a54        0x0 c:/intelfpga_lite/18.1/nios2eds/bin/gnu/h-x86_64-mingw32/bin/../lib/gcc/nios2-elf/5.3.0\libgcc.a(lib2-divmod.o)
 .data          0x0000000000012a54        0x0 c:/intelfpga_lite/18.1/nios2eds/bin/gnu/h-x86_64-mingw32/bin/../lib/gcc/nios2-elf/5.3.0\libgcc.a(adddf3.o)
 .data          0x0000000000012a54        0x0 c:/intelfpga_lite/18.1/nios2eds/bin/gnu/h-x86_64-mingw32/bin/../lib/gcc/nios2-elf/5.3.0\libgcc.a(divdf3.o)
 .data          0x0000000000012a54        0x0 c:/intelfpga_lite/18.1/nios2eds/bin/gnu/h-x86_64-mingw32/bin/../lib/gcc/nios2-elf/5.3.0\libgcc.a(eqdf2.o)
 .data          0x0000000000012a54        0x0 c:/intelfpga_lite/18.1/nios2eds/bin/gnu/h-x86_64-mingw32/bin/../lib/gcc/nios2-elf/5.3.0\libgcc.a(gedf2.o)
 .data          0x0000000000012a54        0x0 c:/intelfpga_lite/18.1/nios2eds/bin/gnu/h-x86_64-mingw32/bin/../lib/gcc/nios2-elf/5.3.0\libgcc.a(ledf2.o)
 .data          0x0000000000012a54        0x0 c:/intelfpga_lite/18.1/nios2eds/bin/gnu/h-x86_64-mingw32/bin/../lib/gcc/nios2-elf/5.3.0\libgcc.a(muldf3.o)
 .data          0x0000000000012a54        0x0 c:/intelfpga_lite/18.1/nios2eds/bin/gnu/h-x86_64-mingw32/bin/../lib/gcc/nios2-elf/5.3.0\libgcc.a(subdf3.o)
 .data          0x0000000000012a54        0x0 c:/intelfpga_lite/18.1/nios2eds/bin/gnu/h-x86_64-mingw32/bin/../lib/gcc/nios2-elf/5.3.0\libgcc.a(fixdfsi.o)
 .data          0x0000000000012a54        0x0 c:/intelfpga_lite/18.1/nios2eds/bin/gnu/h-x86_64-mingw32/bin/../lib/gcc/nios2-elf/5.3.0\libgcc.a(floatsidf.o)
 .data          0x0000000000012a54        0x0 c:/intelfpga_lite/18.1/nios2eds/bin/gnu/h-x86_64-mingw32/bin/../lib/gcc/nios2-elf/5.3.0\libgcc.a(floatunsidf.o)
 .data          0x0000000000012a54        0x0 c:/intelfpga_lite/18.1/nios2eds/bin/gnu/h-x86_64-mingw32/bin/../lib/gcc/nios2-elf/5.3.0\libgcc.a(_clz.o)
 .data          0x0000000000012a54        0x0 c:/intelfpga_lite/18.1/nios2eds/bin/gnu/h-x86_64-mingw32/bin/../lib/gcc/nios2-elf/5.3.0\libgcc.a(_clzsi2.o)
 .data          0x0000000000012a54        0x0 C:/Users/minis/Documents/HEIA_FR/Master/Advanced_hardware_design/Sobel_filter_part/mse_demo/software/sobel_bsp/\libhal_bsp.a(alt_close.o)
 .data          0x0000000000012a54      0x1a8 C:/Users/minis/Documents/HEIA_FR/Master/Advanced_hardware_design/Sobel_filter_part/mse_demo/software/sobel_bsp/\libhal_bsp.a(alt_dev.o)
                0x0000000000012a54                alt_dev_null
                0x0000000000012a7c                alt_fd_list
 .data          0x0000000000012bfc        0x0 C:/Users/minis/Documents/HEIA_FR/Master/Advanced_hardware_design/Sobel_filter_part/mse_demo/software/sobel_bsp/\libhal_bsp.a(alt_errno.o)
 .data          0x0000000000012bfc        0x0 C:/Users/minis/Documents/HEIA_FR/Master/Advanced_hardware_design/Sobel_filter_part/mse_demo/software/sobel_bsp/\libhal_bsp.a(alt_fstat.o)
 .data          0x0000000000012bfc        0x0 C:/Users/minis/Documents/HEIA_FR/Master/Advanced_hardware_design/Sobel_filter_part/mse_demo/software/sobel_bsp/\libhal_bsp.a(alt_isatty.o)
 .data          0x0000000000012bfc        0x0 C:/Users/minis/Documents/HEIA_FR/Master/Advanced_hardware_design/Sobel_filter_part/mse_demo/software/sobel_bsp/\libhal_bsp.a(alt_load.o)
 .data          0x0000000000012bfc        0x0 C:/Users/minis/Documents/HEIA_FR/Master/Advanced_hardware_design/Sobel_filter_part/mse_demo/software/sobel_bsp/\libhal_bsp.a(alt_lseek.o)
 .data          0x0000000000012bfc        0x0 C:/Users/minis/Documents/HEIA_FR/Master/Advanced_hardware_design/Sobel_filter_part/mse_demo/software/sobel_bsp/\libhal_bsp.a(alt_main.o)
 .data          0x0000000000012bfc        0x0 C:/Users/minis/Documents/HEIA_FR/Master/Advanced_hardware_design/Sobel_filter_part/mse_demo/software/sobel_bsp/\libhal_bsp.a(alt_malloc_lock.o)
 .data          0x0000000000012bfc        0x0 C:/Users/minis/Documents/HEIA_FR/Master/Advanced_hardware_design/Sobel_filter_part/mse_demo/software/sobel_bsp/\libhal_bsp.a(alt_read.o)
 .data          0x0000000000012bfc        0x0 C:/Users/minis/Documents/HEIA_FR/Master/Advanced_hardware_design/Sobel_filter_part/mse_demo/software/sobel_bsp/\libhal_bsp.a(alt_release_fd.o)
 .data          0x0000000000012bfc        0x0 C:/Users/minis/Documents/HEIA_FR/Master/Advanced_hardware_design/Sobel_filter_part/mse_demo/software/sobel_bsp/\libhal_bsp.a(alt_sbrk.o)
 .data          0x0000000000012bfc        0x0 C:/Users/minis/Documents/HEIA_FR/Master/Advanced_hardware_design/Sobel_filter_part/mse_demo/software/sobel_bsp/\libhal_bsp.a(alt_uncached_malloc.o)
 .data          0x0000000000012bfc        0x0 C:/Users/minis/Documents/HEIA_FR/Master/Advanced_hardware_design/Sobel_filter_part/mse_demo/software/sobel_bsp/\libhal_bsp.a(alt_usleep.o)
 .data          0x0000000000012bfc        0x0 C:/Users/minis/Documents/HEIA_FR/Master/Advanced_hardware_design/Sobel_filter_part/mse_demo/software/sobel_bsp/\libhal_bsp.a(alt_write.o)
 .data          0x0000000000012bfc     0x1060 C:/Users/minis/Documents/HEIA_FR/Master/Advanced_hardware_design/Sobel_filter_part/mse_demo/software/sobel_bsp/\libhal_bsp.a(alt_sys_init.o)
 .data          0x0000000000013c5c        0x0 C:/Users/minis/Documents/HEIA_FR/Master/Advanced_hardware_design/Sobel_filter_part/mse_demo/software/sobel_bsp/\libhal_bsp.a(altera_avalon_jtag_uart_fd.o)
 .data          0x0000000000013c5c        0x0 C:/Users/minis/Documents/HEIA_FR/Master/Advanced_hardware_design/Sobel_filter_part/mse_demo/software/sobel_bsp/\libhal_bsp.a(altera_avalon_jtag_uart_init.o)
 .data          0x0000000000013c5c        0x0 C:/Users/minis/Documents/HEIA_FR/Master/Advanced_hardware_design/Sobel_filter_part/mse_demo/software/sobel_bsp/\libhal_bsp.a(altera_avalon_jtag_uart_ioctl.o)
 .data          0x0000000000013c5c        0x0 C:/Users/minis/Documents/HEIA_FR/Master/Advanced_hardware_design/Sobel_filter_part/mse_demo/software/sobel_bsp/\libhal_bsp.a(altera_avalon_jtag_uart_read.o)
 .data          0x0000000000013c5c        0x0 C:/Users/minis/Documents/HEIA_FR/Master/Advanced_hardware_design/Sobel_filter_part/mse_demo/software/sobel_bsp/\libhal_bsp.a(altera_avalon_jtag_uart_write.o)
 .data          0x0000000000013c5c        0x0 C:/Users/minis/Documents/HEIA_FR/Master/Advanced_hardware_design/Sobel_filter_part/mse_demo/software/sobel_bsp/\libhal_bsp.a(altera_avalon_timer_sc.o)
 .data          0x0000000000013c5c        0x0 C:/Users/minis/Documents/HEIA_FR/Master/Advanced_hardware_design/Sobel_filter_part/mse_demo/software/sobel_bsp/\libhal_bsp.a(altera_avalon_timer_ts.o)
 .data          0x0000000000013c5c        0x0 C:/Users/minis/Documents/HEIA_FR/Master/Advanced_hardware_design/Sobel_filter_part/mse_demo/software/sobel_bsp/\libhal_bsp.a(altera_avalon_timer_vars.o)
 .data          0x0000000000013c5c        0x0 C:/Users/minis/Documents/HEIA_FR/Master/Advanced_hardware_design/Sobel_filter_part/mse_demo/software/sobel_bsp/\libhal_bsp.a(alt_alarm_start.o)
 .data          0x0000000000013c5c        0x0 C:/Users/minis/Documents/HEIA_FR/Master/Advanced_hardware_design/Sobel_filter_part/mse_demo/software/sobel_bsp/\libhal_bsp.a(alt_busy_sleep.o)
 .data          0x0000000000013c5c        0x0 C:/Users/minis/Documents/HEIA_FR/Master/Advanced_hardware_design/Sobel_filter_part/mse_demo/software/sobel_bsp/\libhal_bsp.a(alt_dcache_flush.o)
 .data          0x0000000000013c5c        0x0 C:/Users/minis/Documents/HEIA_FR/Master/Advanced_hardware_design/Sobel_filter_part/mse_demo/software/sobel_bsp/\libhal_bsp.a(alt_dcache_flush_all.o)
 .data          0x0000000000013c5c        0x0 C:/Users/minis/Documents/HEIA_FR/Master/Advanced_hardware_design/Sobel_filter_part/mse_demo/software/sobel_bsp/\libhal_bsp.a(alt_dev_llist_insert.o)
 .data          0x0000000000013c5c        0x0 C:/Users/minis/Documents/HEIA_FR/Master/Advanced_hardware_design/Sobel_filter_part/mse_demo/software/sobel_bsp/\libhal_bsp.a(alt_do_ctors.o)
 .data          0x0000000000013c5c        0x0 C:/Users/minis/Documents/HEIA_FR/Master/Advanced_hardware_design/Sobel_filter_part/mse_demo/software/sobel_bsp/\libhal_bsp.a(alt_do_dtors.o)
 .data          0x0000000000013c5c        0x0 C:/Users/minis/Documents/HEIA_FR/Master/Advanced_hardware_design/Sobel_filter_part/mse_demo/software/sobel_bsp/\libhal_bsp.a(alt_icache_flush_all.o)
 .data          0x0000000000013c5c        0x0 C:/Users/minis/Documents/HEIA_FR/Master/Advanced_hardware_design/Sobel_filter_part/mse_demo/software/sobel_bsp/\libhal_bsp.a(alt_iic.o)
 .data          0x0000000000013c5c        0x0 C:/Users/minis/Documents/HEIA_FR/Master/Advanced_hardware_design/Sobel_filter_part/mse_demo/software/sobel_bsp/\libhal_bsp.a(alt_iic_isr_register.o)
 .data          0x0000000000013c5c        0x0 C:/Users/minis/Documents/HEIA_FR/Master/Advanced_hardware_design/Sobel_filter_part/mse_demo/software/sobel_bsp/\libhal_bsp.a(alt_io_redirect.o)
 .data          0x0000000000013c5c        0x0 C:/Users/minis/Documents/HEIA_FR/Master/Advanced_hardware_design/Sobel_filter_part/mse_demo/software/sobel_bsp/\libhal_bsp.a(alt_irq_entry.o)
 .data          0x0000000000013c5c        0x0 C:/Users/minis/Documents/HEIA_FR/Master/Advanced_hardware_design/Sobel_filter_part/mse_demo/software/sobel_bsp/\libhal_bsp.a(alt_irq_handler.o)
 .data          0x0000000000013c5c        0x0 C:/Users/minis/Documents/HEIA_FR/Master/Advanced_hardware_design/Sobel_filter_part/mse_demo/software/sobel_bsp/\libhal_bsp.a(alt_irq_vars.o)
 .data          0x0000000000013c5c        0x0 C:/Users/minis/Documents/HEIA_FR/Master/Advanced_hardware_design/Sobel_filter_part/mse_demo/software/sobel_bsp/\libhal_bsp.a(alt_open.o)